Component: ARM Compiler 5.06 update 6 (build 750) Tool: armlink [4d35ed]

==============================================================================

Section Cross References

    main.o(i.main) refers to _printf_pad.o(.text) for _printf_pre_padding
    main.o(i.main) refers to _printf_percent.o(.ARM.Collect$$_printf_percent$$00000000) for _printf_percent
    main.o(i.main) refers to _printf_x.o(.ARM.Collect$$_printf_percent$$0000000C) for _printf_x
    main.o(i.main) refers to _printf_hex_int_ll_ptr.o(.text) for _printf_longlong_hex
    main.o(i.main) refers to _printf_c.o(.ARM.Collect$$_printf_percent$$00000013) for _printf_c
    main.o(i.main) refers to _printf_s.o(.ARM.Collect$$_printf_percent$$00000014) for _printf_s
    main.o(i.main) refers to _printf_str.o(.text) for _printf_str
    main.o(i.main) refers to _printf_d.o(.ARM.Collect$$_printf_percent$$00000009) for _printf_d
    main.o(i.main) refers to _printf_dec.o(.text) for _printf_int_dec
    main.o(i.main) refers to delay.o(i.Delay_Init) for Delay_Init
    main.o(i.main) refers to misc.o(i.NVIC_PriorityGroupConfig) for NVIC_PriorityGroupConfig
    main.o(i.main) refers to usart1.o(i.Usart1_Init) for Usart1_Init
    main.o(i.main) refers to usart2.o(i.Usart2_Init) for Usart2_Init
    main.o(i.main) refers to sg90.o(i.servo_init) for servo_init
    main.o(i.main) refers to sg90.o(i.servo_off) for servo_off
    main.o(i.main) refers to timer4.o(i.TIM4_Init) for TIM4_Init
    main.o(i.main) refers to lcd.o(i.LCD_Init) for LCD_Init
    main.o(i.main) refers to __2sprintf.o(.text) for __2sprintf
    main.o(i.main) refers to lcd.o(i.LCD_Clear) for LCD_Clear
    main.o(i.main) refers to led.o(i.LED_Init) for LED_Init
    main.o(i.main) refers to beep.o(i.BEEP_Init) for BEEP_Init
    main.o(i.main) refers to key.o(i.KEY_Init) for KEY_Init
    main.o(i.main) refers to tpad.o(i.TPAD_Init) for TPAD_Init
    main.o(i.main) refers to dht11.o(i.DHT11_Init) for DHT11_Init
    main.o(i.main) refers to lsens.o(i.Lsens_Init) for Lsens_Init
    main.o(i.main) refers to wifi.o(i.WiFi_ResetIO_Init) for WiFi_ResetIO_Init
    main.o(i.main) refers to mqtt.o(i.IoT_Parameter_Init) for IoT_Parameter_Init
    main.o(i.main) refers to lcd.o(i.LCD_ShowString) for LCD_ShowString
    main.o(i.main) refers to lcd.o(i.LCD_ShowNum) for LCD_ShowNum
    main.o(i.main) refers to lcd.o(i.LCD_DrawRectangle) for LCD_DrawRectangle
    main.o(i.main) refers to lcd.o(.bss) for lcddev
    main.o(i.main) refers to lcd.o(.data) for POINT_COLOR
    main.o(i.main) refers to main.o(.data) for light_sensor_threshold
    main.o(i.main) refers to stm32f10x_it.o(.data) for temperature_threshold
    main.o(i.main) refers to key.o(i.KEY_Scan) for KEY_Scan
    main.o(i.main) refers to tpad.o(i.TPAD_Scan) for TPAD_Scan
    main.o(i.main) refers to usart1.o(i.u1_printf) for u1_printf
    main.o(i.main) refers to usart2.o(i.u2_TxData) for u2_TxData
    main.o(i.main) refers to timer3.o(i.TIM3_ENABLE_30S) for TIM3_ENABLE_30S
    main.o(i.main) refers to control.o(i.Send_Data_LED0) for Send_Data_LED0
    main.o(i.main) refers to control.o(i.Send_Data_LED1) for Send_Data_LED1
    main.o(i.main) refers to control.o(i.Send_Data_Servo) for Send_Data_Servo
    main.o(i.main) refers to control.o(i.Send_Data_DHT) for Send_Data_DHT
    main.o(i.main) refers to timer2.o(i.TIM2_ENABLE) for TIM2_ENABLE
    main.o(i.main) refers to timer8.o(i.TIM8_ENABLE) for TIM8_ENABLE
    main.o(i.main) refers to mqtt.o(i.MQTT_DealPushdata_Qs0) for MQTT_DealPushdata_Qs0
    main.o(i.main) refers to mqtt.o(.data) for connectFlag
    main.o(i.main) refers to mqtt.o(.bss) for MQTT_TxDataBuf
    main.o(i.main) refers to strlen.o(.text) for strlen
    main.o(i.main) refers to memcmp.o(.text) for memcmp
    main.o(i.main) refers to stm32f10x_gpio.o(i.GPIO_ResetBits) for GPIO_ResetBits
    main.o(i.main) refers to stm32f10x_gpio.o(i.GPIO_SetBits) for GPIO_SetBits
    main.o(i.main) refers to stm32f10x_tim.o(i.TIM_Cmd) for TIM_Cmd
    main.o(i.main) refers to sg90.o(i.servo_on_45) for servo_on_45
    main.o(i.main) refers to sg90.o(i.servo_on_90) for servo_on_90
    main.o(i.main) refers to sg90.o(i.servo_on_135) for servo_on_135
    main.o(i.main) refers to sg90.o(i.servo_on_180) for servo_on_180
    main.o(i.main) refers to fflt_clz.o(x$fpl$fflt) for __aeabi_i2f
    main.o(i.main) refers to f2d.o(x$fpl$f2d) for __aeabi_f2d
    main.o(i.main) refers to ddiv.o(x$fpl$ddiv) for __aeabi_ddiv
    main.o(i.main) refers to d2f.o(x$fpl$d2f) for __aeabi_d2f
    main.o(i.main) refers to fmul.o(x$fpl$fmul) for __aeabi_fmul
    main.o(i.main) refers to ffix.o(x$fpl$ffix) for __aeabi_f2iz
    main.o(i.main) refers to rt_memclr_w.o(.text) for __aeabi_memclr4
    main.o(i.main) refers to mqtt.o(i.MQTT_PublishQs0) for MQTT_PublishQs0
    main.o(i.main) refers to stm32f10x_tim.o(i.TIM_SetCompare1) for TIM_SetCompare1
    main.o(i.main) refers to delay.o(i.DelayMs) for DelayMs
    main.o(i.main) refers to rt_memclr.o(.text) for __aeabi_memclr
[...]
    _printf_l                                0x0800020f   Thumb Code     0  _printf_l.o(.ARM.Collect$$_printf_percent$$00000012)
    _printf_c                                0x08000219   Thumb Code     0  _printf_c.o(.ARM.Collect$$_printf_percent$$00000013)
    _printf_s                                0x0800021f   Thumb Code     0  _printf_s.o(.ARM.Collect$$_printf_percent$$00000014)
    _printf_lc                               0x08000225   Thumb Code     0  _printf_lc.o(.ARM.Collect$$_printf_percent$$00000015)
    _printf_ls                               0x0800022b   Thumb Code     0  _printf_ls.o(.ARM.Collect$$_printf_percent$$00000016)
    _printf_percent_end                      0x08000231   Thumb Code     0  _printf_percent_end.o(.ARM.Collect$$_printf_percent$$00000017)
    __rt_lib_init                            0x08000235   Thumb Code     0  libinit.o(.ARM.Collect$$libinit$$00000000)
    __rt_lib_init_fp_1                       0x08000237   Thumb Code     0  libinit2.o(.ARM.Collect$$libinit$$00000002)
    __rt_lib_init_heap_1                     0x08000237   Thumb Code     0  libinit2.o(.ARM.Collect$$libinit$$0000000A)
    __rt_lib_init_lc_common                  0x08000237   Thumb Code     0  libinit2.o(.ARM.Collect$$libinit$$0000000F)
    __rt_lib_init_preinit_1                  0x08000237   Thumb Code     0  libinit2.o(.ARM.Collect$$libinit$$00000004)
    __rt_lib_init_rand_1                     0x08000237   Thumb Code     0  libinit2.o(.ARM.Collect$$libinit$$0000000E)
    __rt_lib_init_user_alloc_1               0x08000237   Thumb Code     0  libinit2.o(.ARM.Collect$$libinit$$0000000C)
    __rt_lib_init_lc_collate_1               0x0800023d   Thumb Code     0  libinit2.o(.ARM.Collect$$libinit$$00000011)
    __rt_lib_init_lc_ctype_2                 0x0800023d   Thumb Code     0  libinit2.o(.ARM.Collect$$libinit$$00000012)
    __rt_lib_init_lc_ctype_1                 0x08000249   Thumb Code     0  libinit2.o(.ARM.Collect$$libinit$$00000013)
    __rt_lib_init_lc_monetary_1              0x08000249   Thumb Code     0  libinit2.o(.ARM.Collect$$libinit$$00000015)
    __rt_lib_init_lc_numeric_2               0x08000249   Thumb Code     0  libinit2.o(.ARM.Collect$$libinit$$00000016)
    __rt_lib_init_alloca_1                   0x08000253   Thumb Code     0  libinit2.o(.ARM.Collect$$libinit$$0000002E)
    __rt_lib_init_argv_1                     0x08000253   Thumb Code     0  libinit2.o(.ARM.Collect$$libinit$$0000002C)
    __rt_lib_init_atexit_1                   0x08000253   Thumb Code     0  libinit2.o(.ARM.Collect$$libinit$$0000001B)
    __rt_lib_init_clock_1                    0x08000253   Thumb Code     0  libinit2.o(.ARM.Collect$$libinit$$00000021)
    __rt_lib_init_cpp_1                      0x08000253   Thumb Code     0  libinit2.o(.ARM.Collect$$libinit$$00000032)
    __rt_lib_init_exceptions_1               0x08000253   Thumb Code     0  libinit2.o(.ARM.Collect$$libinit$$00000030)
    __rt_lib_init_fp_trap_1                  0x08000253   Thumb Code     0  libinit2.o(.ARM.Collect$$libinit$$0000001F)
    __rt_lib_init_getenv_1                   0x08000253   Thumb Code     0  libinit2.o(.ARM.Collect$$libinit$$00000023)
    __rt_lib_init_lc_numeric_1               0x08000253   Thumb Code     0  libinit2.o(.ARM.Collect$$libinit$$00000017)
    __rt_lib_init_lc_time_1                  0x08000253   Thumb Code     0  libinit2.o(.ARM.Collect$$libinit$$00000019)
    __rt_lib_init_return                     0x08000253   Thumb Code     0  libinit2.o(.ARM.Collect$$libinit$$00000033)
    __rt_lib_init_signal_1                   0x08000253   Thumb Code     0  libinit2.o(.ARM.Collect$$libinit$$0000001D)
    __rt_lib_init_stdio_1                    0x08000253   Thumb Code     0  libinit2.o(.ARM.Collect$$libinit$$00000025)
    __rt_lib_shutdown                        0x08000255   Thumb Code     0  libshutdown.o(.ARM.Collect$$libshutdown$$00000000)
    __rt_lib_shutdown_cpp_1                  0x08000257   Thumb Code     0  libshutdown2.o(.ARM.Collect$$libshutdown$$00000002)
    __rt_lib_shutdown_fp_trap_1              0x08000257   Thumb Code     0  libshutdown2.o(.ARM.Collect$$libshutdown$$00000007)
    __rt_lib_shutdown_heap_1                 0x08000257   Thumb Code     0  libshutdown2.o(.ARM.Collect$$libshutdown$$0000000F)
    __rt_lib_shutdown_return                 0x08000257   Thumb Code     0  libshutdown2.o(.ARM.Collect$$libshutdown$$00000010)
    __rt_lib_shutdown_signal_1               0x08000257   Thumb Code     0  libshutdown2.o(.ARM.Collect$$libshutdown$$0000000A)
    __rt_lib_shutdown_stdio_1                0x08000257   Thumb Code     0  libshutdown2.o(.ARM.Collect$$libshutdown$$00000004)
    __rt_lib_shutdown_user_alloc_1           0x08000257   Thumb Code     0  libshutdown2.o(.ARM.Collect$$libshutdown$$0000000C)
    __rt_entry                               0x08000259   Thumb Code     0  __rtentry.o(.ARM.Collect$$rtentry$$00000000)
    __rt_entry_presh_1                       0x08000259   Thumb Code     0  __rtentry2.o(.ARM.Collect$$rtentry$$00000002)
    __rt_entry_sh                            0x08000259   Thumb Code     0  __rtentry4.o(.ARM.Collect$$rtentry$$00000004)
    __rt_entry_li                            0x0800025f   Thumb Code     0  __rtentry2.o(.ARM.Collect$$rtentry$$0000000A)
    __rt_entry_postsh_1                      0x0800025f   Thumb Code     0  __rtentry2.o(.ARM.Collect$$rtentry$$00000009)
    __rt_entry_main                          0x08000263   Thumb Code     0  __rtentry2.o(.ARM.Collect$$rtentry$$0000000D)
    __rt_entry_postli_1                      0x08000263   Thumb Code     0  __rtentry2.o(.ARM.Collect$$rtentry$$0000000C)
    __rt_exit                                0x0800026b   Thumb Code     0  rtexit.o(.ARM.Collect$$rtexit$$00000000)
    __rt_exit_ls                             0x0800026d   Thumb Code     0  rtexit2.o(.ARM.Collect$$rtexit$$00000003)
    __rt_exit_prels_1                        0x0800026d   Thumb Code     0  rtexit2.o(.ARM.Collect$$rtexit$$00000002)
    __rt_exit_exit                           0x08000271   Thumb Code     0  rtexit2.o(.ARM.Collect$$rtexit$$00000004)
    Reset_Handler                            0x08000279   Thumb Code     8  startup_stm32f10x_hd.o(.text)
    NMI_Handler                              0x08000281   Thumb Code     2  startup_stm32f10x_hd.o(.text)
    HardFault_Handler                        0x08000283   Thumb Code     2  startup_stm32f10x_hd.o(.text)
    MemManage_Handler                        0x08000285   Thumb Code     2  startup_stm32f10x_hd.o(.text)
    BusFault_Handler                         0x08000287   Thumb Code     2  startup_stm32f10x_hd.o(.text)
    UsageFault_Handler                       0x08000289   Thumb Code     2  startup_stm32f10x_hd.o(.text)
    SVC_Handler                              0x0800028b   Thumb Code     2  startup_stm32f10x_hd.o(.text)
    DebugMon_Handler                         0x0800028d   Thumb Code     2  startup_stm32f10x_hd.o(.text)
    PendSV_Handler                           0x0800028f   Thumb Code     2  startup_stm32f10x_hd.o(.text)
    SysTick_Handler                          0x08000291   Thumb Code     2  startup_stm32f10x_hd.o(.text)
    ADC1_2_IRQHandler                        0x08000293   Thumb Code     0  startup_stm32f10x_hd.o(.text)
    ADC3_IRQHandler                          0x08000293   Thumb Code     0  startup_stm32f10x_hd.o(.text)
    CAN1_RX1_IRQHandler                      0x08000293   Thumb Code     0  startup_stm32f10x_hd.o(.text)
    CAN1_SCE_IRQHandler                      0x08000293   Thumb Code     0  startup_stm32f10x_hd.o(.text)
    DMA1_Channel1_IRQHandler                 0x08000293   Thumb Code     0  startup_stm32f10x_hd.o(.text)
    DMA1_Channel2_IRQHandler                 0x08000293   Thumb Code     0  startup_stm32f10x_hd.o(.text)
    DMA1_Channel3_IRQHandler                 0x08000293   Thumb Code     0  startup_stm32f10x_hd.o(.text)
    DMA1_Channel4_IRQHandler                 0x08000293   Thumb Code     0  startup_stm32f10x_hd.o(.text)
    DMA1_Channel5_IRQHandler                 0x08000293   Thumb Code     0  startup_stm32f10x_hd.o(.text)
    DMA1_Channel6_IRQHandler                 0x08000293   Thumb Code     0  startup_stm32f10x_hd.o(.text)
    DMA1_Channel7_IRQHandler                 0x08000293   Thumb Code     0  startup_stm32f10x_hd.o(.text)
    DMA2_Channel1_IRQHandler                 0x08000293   Thumb Code     0  startup_stm32f10x_hd.o(.text)
    DMA2_Channel2_IRQHandler                 0x08000293   Thumb Code     0  startup_stm32f10x_hd.o(.text)
    DMA2_Channel3_IRQHandler                 0x08000293   Thumb Code     0  startup_stm32f10x_hd.o(.text)
    DMA2_Channel4_5_IRQHandler               0x08000293   Thumb Code     0  startup_stm32f10x_hd.o(.text)
    EXTI0_IRQHandler                         0x08000293   Thumb Code     0  startup_stm32f10x_hd.o(.text)
    EXTI15_10_IRQHandler                     0x08000293   Thumb Code     0  startup_stm32f10x_hd.o(.text)
    EXTI1_IRQHandler                         0x08000293   Thumb Code     0  startup_stm32f10x_hd.o(.text)
    EXTI2_IRQHandler                         0x08000293   Thumb Code     0  startup_stm32f10x_hd.o(.text)
    EXTI3_IRQHandler                         0x08000293   Thumb Code     0  startup_stm32f10x_hd.o(.text)
    EXTI4_IRQHandler                         0x08000293   Thumb Code     0  startup_stm32f10x_hd.o(.text)
    EXTI9_5_IRQHandler                       0x08000293   Thumb Code     0  startup_stm32f10x_hd.o(.text)
    FLASH_IRQHandler                         0x08000293   Thumb Code     0  startup_stm32f10x_hd.o(.text)
    FSMC_IRQHandler                          0x08000293   Thumb Code     0  startup_stm32f10x_hd.o(.text)
    I2C1_ER_IRQHandler                       0x08000293   Thumb Code     0  startup_stm32f10x_hd.o(.text)
    I2C1_EV_IRQHandler                       0x08000293   Thumb Code     0  startup_stm32f10x_hd.o(.text)
    I2C2_ER_IRQHandler                       0x08000293   Thumb Code     0  startup_stm32f10x_hd.o(.text)
    I2C2_EV_IRQHandler                       0x08000293   Thumb Code     0  startup_stm32f10x_hd.o(.text)
    PVD_IRQHandler                           0x08000293   Thumb Code     0  startup_stm32f10x_hd.o(.text)
    RCC_IRQHandler                           0x08000293   Thumb Code     0  startup_stm32f10x_hd.o(.text)
    RTCAlarm_IRQHandler                      0x08000293   Thumb Code     0  startup_stm32f10x_hd.o(.text)
    RTC_IRQHandler                           0x08000293   Thumb Code     0  startup_stm32f10x_hd.o(.text)
    SDIO_IRQHandler                          0x08000293   Thumb Code     0  startup_stm32f10x_hd.o(.text)
    SPI1_IRQHandler                          0x08000293   Thumb Code     0  startup_stm32f10x_hd.o(.text)
    SPI2_IRQHandler                          0x08000293   Thumb Code     0  startup_stm32f10x_hd.o(.text)
    SPI3_IRQHandler                          0x08000293   Thumb Code     0  startup_stm32f10x_hd.o(.text)
    TAMPER_IRQHandler                        0x08000293   Thumb Code     0  startup_stm32f10x_hd.o(.text)
    TIM1_BRK_IRQHandler                      0x08000293   Thumb Code     0  startup_stm32f10x_hd.o(.text)
    TIM1_CC_IRQHandler                       0x08000293   Thumb Code     0  startup_stm32f10x_hd.o(.text)
    TIM1_TRG_COM_IRQHandler                  0x08000293   Thumb Code     0  startup_stm32f10x_hd.o(.text)
    TIM1_UP_IRQHandler                       0x08000293   Thumb Code     0  startup_stm32f10x_hd.o(.text)
    TIM5_IRQHandler                          0x08000293   Thumb Code     0  startup_stm32f10x_hd.o(.text)
    TIM6_IRQHandler                          0x08000293   Thumb Code     0  startup_stm32f10x_hd.o(.text)
    TIM7_IRQHandler                          0x08000293   Thumb Code     0  startup_stm32f10x_hd.o(.text)
    TIM8_BRK_IRQHandler                      0x08000293   Thumb Code     0  startup_stm32f10x_hd.o(.text)
    TIM8_CC_IRQHandler                       0x08000293   Thumb Code     0  startup_stm32f10x_hd.o(.text)
    TIM8_TRG_COM_IRQHandler                  0x08000293   Thumb Code     0  startup_stm32f10x_hd.o(.text)
    UART4_IRQHandler                         0x08000293   Thumb Code     0  startup_stm32f10x_hd.o(.text)
    UART5_IRQHandler                         0x08000293   Thumb Code     0  startup_stm32f10x_hd.o(.text)
    USART1_IRQHandler                        0x08000293   Thumb Code     0  startup_stm32f10x_hd.o(.text)
    USART3_IRQHandler                        0x08000293   Thumb Code     0  startup_stm32f10x_hd.o(.text)
    USBWakeUp_IRQHandler                     0x08000293   Thumb Code     0  startup_stm32f10x_hd.o(.text)
    USB_HP_CAN1_TX_IRQHandler                0x08000293   Thumb Code     0  startup_stm32f10x_hd.o(.text)
    USB_LP_CAN1_RX0_IRQHandler               0x08000293   Thumb Code     0  startup_stm32f10x_hd.o(.text)
    WWDG_IRQHandler                          0x08000293   Thumb Code     0  startup_stm32f10x_hd.o(.text)
    __user_initial_stackheap                 0x08000295   Thumb Code     0  startup_stm32f10x_hd.o(.text)
    __use_no_semihosting                     0x080002b9   Thumb Code     2  use_no_semi_2.o(.text)
    vsprintf                                 0x080002bd   Thumb Code    32  vsprintf.o(.text)
    __2sprintf                               0x080002e1   Thumb Code    38  __2sprintf.o(.text)
    _printf_pre_padding                      0x0800030d   Thumb Code    44  _printf_pad.o(.text)
    _printf_post_padding                     0x08000339   Thumb Code    34  _printf_pad.o(.text)
    _printf_str                              0x0800035b   Thumb Code    82  _printf_str.o(.text)
    _printf_int_dec                          0x080003ad   Thumb Code   104  _printf_dec.o(.text)
    _printf_longlong_hex                     0x08000425   Thumb Code    86  _printf_hex_int_ll_ptr.o(.text)
    _printf_int_hex                          0x0800047b   Thumb Code    28  _printf_hex_int_ll_ptr.o(.text)
    _printf_ll_hex                           0x08000497   Thumb Code    12  _printf_hex_int_ll_ptr.o(.text)
    _printf_hex_ptr                          0x080004a3   Thumb Code    18  _printf_hex_int_ll_ptr.o(.text)
    __printf                                 0x080004b9   Thumb Code   388  __printf_flags_ss_wp.o(.text)
    strstr                                   0x08000641   Thumb Code    36  strstr.o(.text)
    memcmp                                   0x08000665   Thumb Code    88  memcmp.o(.text)
    strlen                                   0x080006bd   Thumb Code    62  strlen.o(.text)
    __aeabi_memcpy                           0x080006fb   Thumb Code     0  rt_memcpy_v6.o(.text)
    __rt_memcpy                              0x080006fb   Thumb Code   138  rt_memcpy_v6.o(.text)
    _memcpy_lastbytes                        0x08000761   Thumb Code     0  rt_memcpy_v6.o(.text)
    __aeabi_memclr                           0x08000785   Thumb Code     0  rt_memclr.o(.text)
    __rt_memclr                              0x08000785   Thumb Code    68  rt_memclr.o(.text)
    _memset                                  0x08000789   Thumb Code     0  rt_memclr.o(.text)
    __aeabi_memclr4                          0x080007c9   Thumb Code     0  rt_memclr_w.o(.text)
    __aeabi_memclr8                          0x080007c9   Thumb Code     0  rt_memclr_w.o(.text)
    __rt_memclr_w                            0x080007c9   Thumb Code    78  rt_memclr_w.o(.text)
    _memset_w                                0x080007cd   Thumb Code     0  rt_memclr_w.o(.text)
    __use_two_region_memory                  0x08000817   Thumb Code     2  heapauxi.o(.text)
    __rt_heap_escrow$2region                 0x08000819   Thumb Code     2  heapauxi.o(.text)
    __rt_heap_expand$2region                 0x0800081b   Thumb Code     2  heapauxi.o(.text)
    __I$use$semihosting                      0x0800081d   Thumb Code     0  use_no_semi.o(.text)
    __use_no_semihosting_swi                 0x0800081d   Thumb Code     2  use_no_semi.o(.text)
    _printf_truncate_signed                  0x0800081f   Thumb Code    18  _printf_truncate.o(.text)
    _printf_truncate_unsigned                0x08000831   Thumb Code    18  _printf_truncate.o(.text)
    _printf_int_common                       0x08000843   Thumb Code   178  _printf_intcommon.o(.text)
    _printf_charcount                        0x080008f5   Thumb Code    40  _printf_charcount.o(.text)
    _printf_char_common                      0x08000927   Thumb Code    32  _printf_char_common.o(.text)
    _sputc                                   0x0800094d   Thumb Code    10  _sputc.o(.text)
    _printf_cs_common                        0x08000957   Thumb Code    20  _printf_char.o(.text)
    _printf_char                             0x0800096b   Thumb Code    16  _printf_char.o(.text)
    _printf_string                           0x0800097b   Thumb Code     8  _printf_char.o(.text)
    _printf_wctomb                           0x08000985   Thumb Code   182  _printf_wctomb.o(.text)
    _printf_longlong_dec                     0x08000a41   Thumb Code   108  _printf_longlong_dec.o(.text)
    _printf_longlong_oct                     0x08000abd   Thumb Code    66  _printf_oct_int_ll.o(.text)
    _printf_int_oct                          0x08000aff   Thumb Code    24  _printf_oct_int_ll.o(.text)
    _printf_ll_oct                           0x08000b17   Thumb Code    12  _printf_oct_int_ll.o(.text)
    __aeabi_memcpy4                          0x08000b2d   Thumb Code     0  rt_memcpy_w.o(.text)
    __aeabi_memcpy8                          0x08000b2d   Thumb Code     0  rt_memcpy_w.o(.text)
    __rt_memcpy_w                            0x08000b2d   Thumb Code   100  rt_memcpy_w.o(.text)
    _memcpy_lastbytes_aligned                0x08000b75   Thumb Code     0  rt_memcpy_w.o(.text)
    _ll_udiv10                               0x08000b91   Thumb Code   138  lludiv10.o(.text)
    __lib_sel_fp_printf                      0x08000c1b   Thumb Code     2  _printf_fp_dec.o(.text)
    _printf_fp_dec_real                      0x08000dcd   Thumb Code   620  _printf_fp_dec.o(.text)
    _printf_fp_hex_real                      0x08001039   Thumb Code   756  _printf_fp_hex.o(.text)
    _printf_lcs_common                       0x08001335   Thumb Code    20  _printf_wchar.o(.text)
    _printf_wchar                            0x08001349   Thumb Code    16  _printf_wchar.o(.text)
    _printf_wstring                          0x08001359   Thumb Code     8  _printf_wchar.o(.text)
    _wcrtomb                                 0x08001361   Thumb Code    64  _wcrtomb.o(.text)
    __user_setup_stackheap                   0x080013a1   Thumb Code    74  sys_stackheap_outer.o(.text)
    __rt_ctype_table                         0x080013ed   Thumb Code    16  rt_ctype_table.o(.text)
    __rt_locale                              0x080013fd   Thumb Code     8  rt_locale_intlibspace.o(.text)
    _printf_fp_infnan                        0x08001405   Thumb Code   112  _printf_fp_infnan.o(.text)
    _btod_etento                             0x08001485   Thumb Code   224  bigflt0.o(.text)
    exit                                     0x08001569   Thumb Code    18  exit.o(.text)
    __user_libspace                          0x0800157d   Thumb Code     8  libspace.o(.text)
    __user_perproc_libspace                  0x0800157d   Thumb Code     0  libspace.o(.text)
    __user_perthread_libspace                0x0800157d   Thumb Code     0  libspace.o(.text)
    strcmp                                   0x08001585   Thumb Code   128  strcmpv7m.o(.text)
    _btod_d2e                                0x08001605   Thumb Code    62  btod.o(CL$$btod_d2e)
    _d2e_denorm_low                          0x08001643   Thumb Code    70  btod.o(CL$$btod_d2e_denorm_low)
    _d2e_norm_op1                            0x08001689   Thumb Code    96  btod.o(CL$$btod_d2e_norm_op1)
    __btod_div_common                        0x080016e9   Thumb Code   696  btod.o(CL$$btod_div_common)
    _e2e                                     0x08001a21   Thumb Code   220  btod.o(CL$$btod_e2e)
    _btod_ediv                               0x08001afd   Thumb Code    42  btod.o(CL$$btod_ediv)
    _btod_emul                               0x08001b27   Thumb Code    42  btod.o(CL$$btod_emul)
    __btod_mult_common                       0x08001b51   Thumb Code   580  btod.o(CL$$btod_mult_common)
    ADC_Cmd                                  0x08001d95   Thumb Code    22  stm32f10x_adc.o(i.ADC_Cmd)
    ADC_DeInit                               0x08001dad   Thumb Code    78  stm32f10x_adc.o(i.ADC_DeInit)
    ADC_GetCalibrationStatus                 0x08001e09   Thumb Code    20  stm32f10x_adc.o(i.ADC_GetCalibrationStatus)
    ADC_GetConversionValue                   0x08001e1d   Thumb Code     8  stm32f10x_adc.o(i.ADC_GetConversionValue)
    ADC_GetFlagStatus                        0x08001e25   Thumb Code    18  stm32f10x_adc.o(i.ADC_GetFlagStatus)
    ADC_GetResetCalibrationStatus            0x08001e37   Thumb Code    20  stm32f10x_adc.o(i.ADC_GetResetCalibrationStatus)
    ADC_Init                                 0x08001e4d   Thumb Code    70  stm32f10x_adc.o(i.ADC_Init)
    ADC_RegularChannelConfig                 0x08001e9d   Thumb Code   184  stm32f10x_adc.o(i.ADC_RegularChannelConfig)
    ADC_ResetCalibration                     0x08001f55   Thumb Code    10  stm32f10x_adc.o(i.ADC_ResetCalibration)
    ADC_SoftwareStartConvCmd                 0x08001f5f   Thumb Code    22  stm32f10x_adc.o(i.ADC_SoftwareStartConvCmd)
    ADC_StartCalibration                     0x08001f75   Thumb Code    10  stm32f10x_adc.o(i.ADC_StartCalibration)
    Adc3_Init                                0x08001f81   Thumb Code   120  adc.o(i.Adc3_Init)
    BEEP_Init                                0x08001ffd   Thumb Code    50  beep.o(i.BEEP_Init)
    CMDBuf_Deal                              0x08002035   Thumb Code    96  mqtt.o(i.CMDBuf_Deal)
    DHT11_Check                              0x080020a1   Thumb Code   102  dht11.o(i.DHT11_Check)
    DHT11_Init                               0x0800210d   Thumb Code    46  dht11.o(i.DHT11_Init)
    DHT11_Read_Bit                           0x08002141   Thumb Code    84  dht11.o(i.DHT11_Read_Bit)
    DHT11_Read_Byte                          0x08002199   Thumb Code    30  dht11.o(i.DHT11_Read_Byte)
    DHT11_Read_Data                          0x080021b7   Thumb Code    92  dht11.o(i.DHT11_Read_Data)
    DHT11_Rst                                0x08002215   Thumb Code    58  dht11.o(i.DHT11_Rst)
    DelayMs                                  0x08002255   Thumb Code    72  delay.o(i.DelayMs)
    DelayUs                                  0x080022a1   Thumb Code    72  delay.o(i.DelayUs)
    Delay_Init                               0x080022ed   Thumb Code    50  delay.o(i.Delay_Init)
    FSMC_NORSRAMCmd                          0x08002331   Thumb Code    46  stm32f10x_fsmc.o(i.FSMC_NORSRAMCmd)
    FSMC_NORSRAMInit                         0x08002365   Thumb Code   230  stm32f10x_fsmc.o(i.FSMC_NORSRAMInit)
    GPIO_Init                                0x0800244b   Thumb Code   278  stm32f10x_gpio.o(i.GPIO_Init)
    GPIO_ReadInputDataBit                    0x08002561   Thumb Code    18  stm32f10x_gpio.o(i.GPIO_ReadInputDataBit)
    GPIO_ResetBits                           0x08002573   Thumb Code     4  stm32f10x_gpio.o(i.GPIO_ResetBits)
    GPIO_SetBits                             0x08002577   Thumb Code     4  stm32f10x_gpio.o(i.GPIO_SetBits)
    GPIO_WriteBit                            0x0800257b   Thumb Code    10  stm32f10x_gpio.o(i.GPIO_WriteBit)
    Get_Adc3                                 0x08002585   Thumb Code    46  adc.o(i.Get_Adc3)
    IoT_Parameter_Init                       0x080025b9   Thumb Code   162  mqtt.o(i.IoT_Parameter_Init)
    KEY_Init                                 0x0800271d   Thumb Code    52  key.o(i.KEY_Init)
    KEY_Scan                                 0x08002759   Thumb Code   188  key.o(i.KEY_Scan)
    LCD_Clear                                0x08002821   Thumb Code   100  lcd.o(i.LCD_Clear)
    LCD_Display_Dir                          0x0800288d   Thumb Code   444  lcd.o(i.LCD_Display_Dir)
    LCD_DrawLine                             0x08002a4d   Thumb Code   176  lcd.o(i.LCD_DrawLine)
    LCD_DrawPoint                            0x08002afd   Thumb Code    28  lcd.o(i.LCD_DrawPoint)
    LCD_DrawRectangle                        0x08002b21   Thumb Code    60  lcd.o(i.LCD_DrawRectangle)
    LCD_Fast_DrawPoint                       0x08002b5d   Thumb Code   370  lcd.o(i.LCD_Fast_DrawPoint)
    LCD_Fill                                 0x08002cd9   Thumb Code   178  lcd.o(i.LCD_Fill)
    LCD_Init                                 0x08002d95   Thumb Code 14206  lcd.o(i.LCD_Init)
    LCD_Pow                                  0x0800651d   Thumb Code    22  lcd.o(i.LCD_Pow)
    LCD_RD_DATA                              0x08006535   Thumb Code    14  lcd.o(i.LCD_RD_DATA)
    LCD_ReadReg                              0x08006549   Thumb Code    22  lcd.o(i.LCD_ReadReg)
    LCD_SSD_BackLightSet                     0x08006561   Thumb Code    80  lcd.o(i.LCD_SSD_BackLightSet)
    LCD_Scan_Dir                             0x080065b5   Thumb Code   744  lcd.o(i.LCD_Scan_Dir)
    LCD_SetCursor                            0x080068a1   Thumb Code   418  lcd.o(i.LCD_SetCursor)
    LCD_ShowChar                             0x08006a49   Thumb Code   272  lcd.o(i.LCD_ShowChar)
    LCD_ShowNum                              0x08006b71   Thumb Code   148  lcd.o(i.LCD_ShowNum)
    LCD_ShowString                           0x08006c05   Thumb Code   102  lcd.o(i.LCD_ShowString)
    LCD_WR_DATA                              0x08006c6d   Thumb Code     6  lcd.o(i.LCD_WR_DATA)
    LCD_WR_REG                               0x08006c79   Thumb Code     6  lcd.o(i.LCD_WR_REG)
    LCD_WriteRAM_Prepare                     0x08006c85   Thumb Code    10  lcd.o(i.LCD_WriteRAM_Prepare)
    LCD_WriteReg                             0x08006c99   Thumb Code    10  lcd.o(i.LCD_WriteReg)
    LED_Init                                 0x08006ca9   Thumb Code    68  led.o(i.LED_Init)
    Lsens_Get_Val                            0x08006cf5   Thumb Code    60  lsens.o(i.Lsens_Get_Val)
    Lsens_Init                               0x08006d31   Thumb Code    38  lsens.o(i.Lsens_Init)
    MQTT_Buff_Init                           0x08006d5d   Thumb Code    90  mqtt.o(i.MQTT_Buff_Init)
    MQTT_ConectPack                          0x08006e0d   Thumb Code   496  mqtt.o(i.MQTT_ConectPack)
    MQTT_DealPushdata_Qs0                    0x08007025   Thumb Code   234  mqtt.o(i.MQTT_DealPushdata_Qs0)
    MQTT_PingREQ                             0x0800712d   Thumb Code    22  mqtt.o(i.MQTT_PingREQ)
    MQTT_PublishQs0                          0x08007149   Thumb Code   220  mqtt.o(i.MQTT_PublishQs0)
    MQTT_Subscribe                           0x08007235   Thumb Code   134  mqtt.o(i.MQTT_Subscribe)
    NVIC_Init                                0x080072cd   Thumb Code   100  misc.o(i.NVIC_Init)
    NVIC_PriorityGroupConfig                 0x0800733d   Thumb Code    10  misc.o(i.NVIC_PriorityGroupConfig)
    RCC_AHBPeriphClockCmd                    0x08007351   Thumb Code    26  stm32f10x_rcc.o(i.RCC_AHBPeriphClockCmd)
    RCC_APB1PeriphClockCmd                   0x08007371   Thumb Code    26  stm32f10x_rcc.o(i.RCC_APB1PeriphClockCmd)
    RCC_APB1PeriphResetCmd                   0x08007391   Thumb Code    26  stm32f10x_rcc.o(i.RCC_APB1PeriphResetCmd)
    RCC_APB2PeriphClockCmd                   0x080073b1   Thumb Code    26  stm32f10x_rcc.o(i.RCC_APB2PeriphClockCmd)
    RCC_APB2PeriphResetCmd                   0x080073d1   Thumb Code    26  stm32f10x_rcc.o(i.RCC_APB2PeriphResetCmd)
    RCC_GetClocksFreq                        0x080073f1   Thumb Code   192  stm32f10x_rcc.o(i.RCC_GetClocksFreq)
    Send_Data_Beep_OFF                       0x080074c5   Thumb Code   104  control.o(i.Send_Data_Beep_OFF)
    Send_Data_Beep_ON                        0x08007555   Thumb Code   104  control.o(i.Send_Data_Beep_ON)
    Send_Data_DHT                            0x080075e5   Thumb Code   118  control.o(i.Send_Data_DHT)
    Send_Data_LED0                           0x08007695   Thumb Code   118  control.o(i.Send_Data_LED0)
    Send_Data_LED1                           0x08007745   Thumb Code   118  control.o(i.Send_Data_LED1)
    Send_Data_Servo                          0x080077f5   Thumb Code   118  control.o(i.Send_Data_Servo)
    SysTick_CLKSourceConfig                  0x0800798d   Thumb Code    40  misc.o(i.SysTick_CLKSourceConfig)
    SystemInit                               0x080079b5   Thumb Code    78  system_stm32f10x.o(i.SystemInit)
    TIM2_ENABLE                              0x08007c55   Thumb Code   118  timer2.o(i.TIM2_ENABLE)
    TIM2_IRQHandler                          0x08007ccd   Thumb Code  1398  stm32f10x_it.o(i.TIM2_IRQHandler)
    TIM3_ENABLE_2S                           0x08008275   Thumb Code   116  timer3.o(i.TIM3_ENABLE_2S)
    TIM3_ENABLE_30S                          0x080082ed   Thumb Code   114  timer3.o(i.TIM3_ENABLE_30S)
    TIM3_IRQHandler                          0x08008365   Thumb Code   102  stm32f10x_it.o(i.TIM3_IRQHandler)
    TIM4_IRQHandler                          0x080083d9   Thumb Code   122  stm32f10x_it.o(i.TIM4_IRQHandler)
    TIM4_Init                                0x08008471   Thumb Code   106  timer4.o(i.TIM4_Init)
    TIM5_CH2_Cap_Init                        0x080084e1   Thumb Code   126  tpad.o(i.TIM5_CH2_Cap_Init)
    TIM8_ENABLE                              0x08008569   Thumb Code   114  timer8.o(i.TIM8_ENABLE)
    TIM8_UP_IRQHandler                       0x080085e1   Thumb Code  1402  stm32f10x_it.o(i.TIM8_UP_IRQHandler)
    TIM_ARRPreloadConfig                     0x08008bb5   Thumb Code    24  stm32f10x_tim.o(i.TIM_ARRPreloadConfig)
    TIM_ClearITPendingBit                    0x08008bcd   Thumb Code     6  stm32f10x_tim.o(i.TIM_ClearITPendingBit)
    TIM_Cmd                                  0x08008bd3   Thumb Code    24  stm32f10x_tim.o(i.TIM_Cmd)
    TIM_CtrlPWMOutputs                       0x08008beb   Thumb Code    30  stm32f10x_tim.o(i.TIM_CtrlPWMOutputs)
    TIM_DeInit                               0x08008c09   Thumb Code   424  stm32f10x_tim.o(i.TIM_DeInit)
    TIM_GetCapture2                          0x08008df1   Thumb Code     6  stm32f10x_tim.o(i.TIM_GetCapture2)
    TIM_GetCounter                           0x08008df7   Thumb Code     6  stm32f10x_tim.o(i.TIM_GetCounter)
    TIM_GetFlagStatus                        0x08008dfd   Thumb Code    18  stm32f10x_tim.o(i.TIM_GetFlagStatus)
    TIM_GetITStatus                          0x08008e0f   Thumb Code    34  stm32f10x_tim.o(i.TIM_GetITStatus)
    TIM_ICInit                               0x08008e31   Thumb Code   150  stm32f10x_tim.o(i.TIM_ICInit)
    TIM_ITConfig                             0x08008edd   Thumb Code    18  stm32f10x_tim.o(i.TIM_ITConfig)
    TIM_OC1Init                              0x08008ef1   Thumb Code   132  stm32f10x_tim.o(i.TIM_OC1Init)
    TIM_OC1PreloadConfig                     0x08008f89   Thumb Code    18  stm32f10x_tim.o(i.TIM_OC1PreloadConfig)
    TIM_SetCompare1                          0x08008f9b   Thumb Code     4  stm32f10x_tim.o(i.TIM_SetCompare1)
    TIM_SetCounter                           0x08008f9f   Thumb Code     4  stm32f10x_tim.o(i.TIM_SetCounter)
    TIM_SetIC1Prescaler                      0x08008fa3   Thumb Code    18  stm32f10x_tim.o(i.TIM_SetIC1Prescaler)
    TIM_SetIC2Prescaler                      0x08008fb5   Thumb Code    26  stm32f10x_tim.o(i.TIM_SetIC2Prescaler)
    TIM_SetIC3Prescaler                      0x08008fcf   Thumb Code    18  stm32f10x_tim.o(i.TIM_SetIC3Prescaler)
    TIM_SetIC4Prescaler                      0x08008fe1   Thumb Code    26  stm32f10x_tim.o(i.TIM_SetIC4Prescaler)
    TIM_TimeBaseInit                         0x08008ffd   Thumb Code   122  stm32f10x_tim.o(i.TIM_TimeBaseInit)
    TPAD_Get_MaxVal                          0x080090a1   Thumb Code    36  tpad.o(i.TPAD_Get_MaxVal)
    TPAD_Get_Val                             0x080090c5   Thumb Code    50  tpad.o(i.TPAD_Get_Val)
    TPAD_Init                                0x080090fd   Thumb Code   160  tpad.o(i.TPAD_Init)
    TPAD_Reset                               0x080091c5   Thumb Code    82  tpad.o(i.TPAD_Reset)
    TPAD_Scan                                0x08009221   Thumb Code    74  tpad.o(i.TPAD_Scan)
    TxDataBuf_Deal                           0x08009275   Thumb Code    86  mqtt.o(i.TxDataBuf_Deal)
    USART2_IRQHandler                        0x080092d9   Thumb Code   104  stm32f10x_it.o(i.USART2_IRQHandler)
    USART_ClearFlag                          0x08009355   Thumb Code    18  stm32f10x_usart.o(i.USART_ClearFlag)
    USART_Cmd                                0x08009367   Thumb Code    24  stm32f10x_usart.o(i.USART_Cmd)
    USART_DeInit                             0x08009381   Thumb Code   134  stm32f10x_usart.o(i.USART_DeInit)
    USART_GetITStatus                        0x0800941d   Thumb Code    84  stm32f10x_usart.o(i.USART_GetITStatus)
    USART_ITConfig                           0x08009471   Thumb Code    74  stm32f10x_usart.o(i.USART_ITConfig)
    USART_Init                               0x080094bd   Thumb Code   210  stm32f10x_usart.o(i.USART_Init)
    Usart1_Init                              0x08009595   Thumb Code   118  usart1.o(i.Usart1_Init)
    Usart2_Init                              0x08009615   Thumb Code   176  usart2.o(i.Usart2_Init)
    Warning                                  0x080096cd   Thumb Code   132  beep.o(i.Warning)
    WiFi_Connect_IoTServer                   0x08009755   Thumb Code   232  wifi.o(i.WiFi_Connect_IoTServer)
    WiFi_Connect_Server                      0x08009a45   Thumb Code   202  wifi.o(i.WiFi_Connect_Server)
    WiFi_JoinAP                              0x08009bad   Thumb Code    94  wifi.o(i.WiFi_JoinAP)
    WiFi_Reset                               0x08009c59   Thumb Code    94  wifi.o(i.WiFi_Reset)
    WiFi_ResetIO_Init                        0x08009cd9   Thumb Code    48  wifi.o(i.WiFi_ResetIO_Init)
    WiFi_SendCmd                             0x08009d0d   Thumb Code    92  wifi.o(i.WiFi_SendCmd)
    __ARM_fpclassify                         0x08009d8d   Thumb Code    40  fpclassify.o(i.__ARM_fpclassify)
    _is_digit                                0x08009db5   Thumb Code    14  __printf_wp.o(i._is_digit)
    _sys_exit                                0x08009dc3   Thumb Code     4  usart1.o(i._sys_exit)
    main                                     0x08009dc9   Thumb Code  6132  main.o(i.main)
    servo_init                               0x0800b6c1   Thumb Code   138  sg90.o(i.servo_init)
    servo_off                                0x0800b755   Thumb Code    22  sg90.o(i.servo_off)
    servo_on_135                             0x0800b771   Thumb Code    22  sg90.o(i.servo_on_135)
    servo_on_180                             0x0800b78d   Thumb Code    22  sg90.o(i.servo_on_180)
    servo_on_45                              0x0800b7a9   Thumb Code    22  sg90.o(i.servo_on_45)
    servo_on_90                              0x0800b7c5   Thumb Code    22  sg90.o(i.servo_on_90)
    u1_printf                                0x0800b7e1   Thumb Code    84  usart1.o(i.u1_printf)
    u2_TxData                                0x0800b83d   Thumb Code    58  usart2.o(i.u2_TxData)
    u2_printf                                0x0800b87d   Thumb Code    84  usart2.o(i.u2_printf)
    _get_lc_numeric                          0x0800b8d9   Thumb Code    44  lc_numeric_c.o(locale$$code)
    _get_lc_ctype                            0x0800b905   Thumb Code    44  lc_ctype_c.o(locale$$code)
    __aeabi_d2f                              0x0800b931   Thumb Code     0  d2f.o(x$fpl$d2f)
    _d2f                                     0x0800b931   Thumb Code    98  d2f.o(x$fpl$d2f)
    __aeabi_ddiv                             0x0800b995   Thumb Code     0  ddiv.o(x$fpl$ddiv)
    _ddiv                                    0x0800b995   Thumb Code   552  ddiv.o(x$fpl$ddiv)
    __aeabi_d2uiz                            0x0800bc45   Thumb Code     0  dfixu.o(x$fpl$dfixu)
    _dfixu                                   0x0800bc45   Thumb Code    90  dfixu.o(x$fpl$dfixu)
    __aeabi_ui2d                             0x0800bc9f   Thumb Code     0  dflt_clz.o(x$fpl$dfltu)
    _dfltu                                   0x0800bc9f   Thumb Code    38  dflt_clz.o(x$fpl$dfltu)
    __aeabi_dmul                             0x0800bcc5   Thumb Code     0  dmul.o(x$fpl$dmul)
    _dmul                                    0x0800bcc5   Thumb Code   332  dmul.o(x$fpl$dmul)
    __fpl_dnaninf                            0x0800be19   Thumb Code   156  dnaninf.o(x$fpl$dnaninf)
    __fpl_dretinf                            0x0800beb5   Thumb Code    12  dretinf.o(x$fpl$dretinf)
    __aeabi_f2d                              0x0800bec1   Thumb Code     0  f2d.o(x$fpl$f2d)
    _f2d                                     0x0800bec1   Thumb Code    86  f2d.o(x$fpl$f2d)
    __aeabi_f2iz                             0x0800bf19   Thumb Code     0  ffix.o(x$fpl$ffix)
    _ffix                                    0x0800bf19   Thumb Code    54  ffix.o(x$fpl$ffix)
    __aeabi_i2f                              0x0800bf51   Thumb Code     0  fflt_clz.o(x$fpl$fflt)
    _fflt                                    0x0800bf51   Thumb Code    48  fflt_clz.o(x$fpl$fflt)
    __aeabi_fmul                             0x0800bf81   Thumb Code     0  fmul.o(x$fpl$fmul)
    _fmul                                    0x0800bf81   Thumb Code   258  fmul.o(x$fpl$fmul)
    __fpl_fnaninf                            0x0800c083   Thumb Code   140  fnaninf.o(x$fpl$fnaninf)
    __fpl_fretinf                            0x0800c10f   Thumb Code    10  fretinf.o(x$fpl$fretinf)
    _printf_fp_dec                           0x0800c119   Thumb Code     4  printf1.o(x$fpl$printf1)
    _printf_fp_hex                           0x0800c11d   Thumb Code     4  printf2.o(x$fpl$printf2)
    __I$use$fp                               0x0800c120   Number         0  usenofp.o(x$fpl$usenofp)
    asc2_1206                                0x0800c120   Data        1140  lcd.o(.constdata)
    asc2_1608                                0x0800c594   Data        1520  lcd.o(.constdata)
    asc2_2412                                0x0800cb84   Data        3420  lcd.o(.constdata)
    Region$$Table$$Base                      0x0800da4c   Number         0  anon$$obj.o(Region$$Table)
    Region$$Table$$Limit                     0x0800da6c   Number         0  anon$$obj.o(Region$$Table)
    __ctype                                  0x0800da95   Data           0  lc_ctype_c.o(locale$$data)
    cmdLED0_On                               0x20000000   Data           4  main.o(.data)
    cmdLED0_Off                              0x20000004   Data           4  main.o(.data)
    cmdLED1_On                               0x20000008   Data           4  main.o(.data)
    cmdLED1_Off                              0x2000000c   Data           4  main.o(.data)
    cmdDHT11_On                              0x20000010   Data           4  main.o(.data)
    cmdDHT11_Off                             0x20000014   Data           4  main.o(.data)
    cmdServo_On1                             0x20000018   Data           4  main.o(.data)
    cmdServo_On2                             0x2000001c   Data           4  main.o(.data)
    cmdServo_On3                             0x20000020   Data           4  main.o(.data)
    cmdServo_On4                             0x20000024   Data           4  main.o(.data)
    cmdServo_Off                             0x20000028   Data           4  main.o(.data)
    cmdNum                                   0x2000002c   Data           4  main.o(.data)
    led0Flag                                 0x20000030   Data           4  main.o(.data)
    led1Flag                                 0x20000034   Data           4  main.o(.data)
    dhtFlag                                  0x20000038   Data           4  main.o(.data)
    servoFlag                                0x2000003c   Data           4  main.o(.data)
    Num                                      0x20000040   Data           4  main.o(.data)
    key                                      0x20000044   Data           4  main.o(.data)
    tpad                                     0x20000048   Data           4  main.o(.data)
    tpad_mode_control                        0x2000004c   Data           4  main.o(.data)
    tpad_mode_control_flag                   0x20000050   Data           4  main.o(.data)
    adcx                                     0x20000054   Data           1  main.o(.data)
    light_sensor_threshold                   0x20000058   Data           4  main.o(.data)
    humidity                                 0x2000005c   Data           1  stm32f10x_it.o(.data)
    temperature                              0x2000005d   Data           1  stm32f10x_it.o(.data)
    Array_Num                                0x20000060   Data           4  stm32f10x_it.o(.data)
    step                                     0x20000064   Data           4  stm32f10x_it.o(.data)
    temperature_threshold                    0x20000068   Data           4  stm32f10x_it.o(.data)
    humidity_threshold                       0x2000006c   Data           4  stm32f10x_it.o(.data)
    Usart2_RxCompleted                       0x20000074   Data           1  usart2.o(.data)
    Usart2_RxCounter                         0x20000078   Data           4  usart2.o(.data)
    tpad_default_val                         0x2000007c   Data           2  tpad.o(.data)
    wifi_mode                                0x2000007f   Data           1  wifi.o(.data)
    MQTT_RxDataInPtr                         0x20000080   Data           4  mqtt.o(.data)
    MQTT_RxDataOutPtr                        0x20000084   Data           4  mqtt.o(.data)
    MQTT_RxDataEndPtr                        0x20000088   Data           4  mqtt.o(.data)
    MQTT_TxDataInPtr                         0x2000008c   Data           4  mqtt.o(.data)
    MQTT_TxDataOutPtr                        0x20000090   Data           4  mqtt.o(.data)
    MQTT_TxDataEndPtr                        0x20000094   Data           4  mqtt.o(.data)
    MQTT_CMDInPtr                            0x20000098   Data           4  mqtt.o(.data)
    MQTT_CMDOutPtr                           0x2000009c   Data           4  mqtt.o(.data)
    MQTT_CMDEndPtr                           0x200000a0   Data           4  mqtt.o(.data)
    ClientID_len                             0x200000a4   Data           4  mqtt.o(.data)
    Username_len                             0x200000a8   Data           4  mqtt.o(.data)
    Passward_len                             0x200000ac   Data           4  mqtt.o(.data)
    ServerPort                               0x200000b0   Data           4  mqtt.o(.data)
    Fixed_len                                0x200000b4   Data           4  mqtt.o(.data)
    Variable_len                             0x200000b8   Data           4  mqtt.o(.data)
    Payload_len                              0x200000bc   Data           4  mqtt.o(.data)
    pingFlag                                 0x200000c0   Data           1  mqtt.o(.data)
    connectFlag                              0x200000c1   Data           1  mqtt.o(.data)
    connectPackFlag                          0x200000c2   Data           1  mqtt.o(.data)
    subcribePackFlag                         0x200000c3   Data           1  mqtt.o(.data)
    POINT_COLOR                              0x200000c4   Data           2  lcd.o(.data)
    BACK_COLOR                               0x200000c6   Data           2  lcd.o(.data)
    SystemCoreClock                          0x200000cc   Data           4  system_stm32f10x.o(.data)
    AHBPrescTable                            0x200000d0   Data          16  system_stm32f10x.o(.data)
    T_Aaary                                  0x200000f4   Data         164  stm32f10x_it.o(.bss)
    H_Aaary                                  0x20000198   Data         164  stm32f10x_it.o(.bss)
    L_Aaary                                  0x2000023c   Data         164  stm32f10x_it.o(.bss)
    Usart1_TxBuff                            0x200002e0   Data         256  usart1.o(.bss)
    Usart2_RxBuff                            0x200003e0   Data        1024  usart2.o(.bss)
    USART2_TxBuff                            0x200007e0   Data        1024  usart2.o(.bss)
    MQTT_RxDataBuf                           0x20000be0   Data        3000  mqtt.o(.bss)
    MQTT_TxDataBuf                           0x20001798   Data        3000  mqtt.o(.bss)
    MQTT_CMDBuf                              0x20002350   Data        3000  mqtt.o(.bss)
    ClientID                                 0x20002f08   Data         128  mqtt.o(.bss)
    Username                                 0x20002f88   Data         128  mqtt.o(.bss)
    Passward                                 0x20003008   Data         128  mqtt.o(.bss)
    ServerIP                                 0x20003088   Data         128  mqtt.o(.bss)
    temp_buff                                0x20003108   Data         300  mqtt.o(.bss)
    lcddev                                   0x20003234   Data          14  lcd.o(.bss)
    __libspace_start                         0x20003244   Data          96  libspace.o(.bss)
    __temporary_stack_top$libspace           0x200032a4   Data           0  libspace.o(.bss)



==============================================================================

Memory Map of the image

  Image Entry point : 0x08000279

  Load Region LR_1 (Base: 0x08000000, Size: 0x0000dc8c, Max: 0xffffffff, ABSOLUTE)

    Execution Region ER_RO (Exec base: 0x08000000, Load base: 0x08000000, Size: 0x0000db98, Max: 0xffffffff, ABSOLUTE)

    Exec Addr    Load Addr    Size         Type   Attr      Idx    E Section Name        Object

    0x08000000   0x08000000   0x00000130   Data   RO         1049    RESET               startup_stm32f10x_hd.o
    0x08000130   0x08000130   0x00000008   Code   RO         2580  * !!!main             c_w.l(__main.o)
    0x08000138   0x08000138   0x00000034   Code   RO         2887    !!!scatter          c_w.l(__scatter.o)
    0x0800016c   0x0800016c   0x0000001a   Code   RO         2889    !!handler_copy      c_w.l(__scatter_copy.o)
    0x08000186   0x08000186   0x00000002   PAD
    0x08000188   0x08000188   0x0000001c   Code   RO         2891    !!handler_zi        c_w.l(__scatter_zi.o)
    0x080001a4   0x080001a4   0x00000000   Code   RO         2565    .ARM.Collect$$_printf_percent$$00000000  c_w.l(_printf_percent.o)
    0x080001a4   0x080001a4   0x00000006   Code   RO         2640    .ARM.Collect$$_printf_percent$$00000001  c_w.l(_printf_n.o)
    0x080001aa   0x080001aa   0x00000006   Code   RO         2641    .ARM.Collect$$_printf_percent$$00000002  c_w.l(_printf_p.o)
    0x080001b0   0x080001b0   0x00000006   Code   RO         2645    .ARM.Collect$$_printf_percent$$00000003  c_w.l(_printf_f.o)
    0x080001b6   0x080001b6   0x00000006   Code   RO         2646    .ARM.Collect$$_printf_percent$$00000004  c_w.l(_printf_e.o)
    0x080001bc   0x080001bc   0x00000006   Code   RO         2647    .ARM.Collect$$_printf_percent$$00000005  c_w.l(_printf_g.o)
    0x080001c2   0x080001c2   0x00000006   Code   RO         2648    .ARM.Collect$$_printf_percent$$00000006  c_w.l(_printf_a.o)
    0x080001c8   0x080001c8   0x0000000a   Code   RO         2653    .ARM.Collect$$_printf_percent$$00000007  c_w.l(_printf_ll.o)
    0x080001d2   0x080001d2   0x00000006   Code   RO         2643    .ARM.Collect$$_printf_percent$$00000008  c_w.l(_printf_i.o)
    0x080001d8   0x080001d8   0x00000006   Code   RO         2564    .ARM.Collect$$_printf_percent$$00000009  c_w.l(_printf_d.o)
    0x080001de   0x080001de   0x00000006   Code   RO         2644    .ARM.Collect$$_printf_percent$$0000000A  c_w.l(_printf_u.o)
    0x080001e4   0x080001e4   0x00000006   Code   RO         2642    .ARM.Collect$$_printf_percent$$0000000B  c_w.l(_printf_o.o)
    0x080001ea   0x080001ea   0x00000006   Code   RO         2563    .ARM.Collect$$_printf_percent$$0000000C  c_w.l(_printf_x.o)
    0x080001f0   0x080001f0   0x00000006   Code   RO         2650    .ARM.Collect$$_printf_percent$$0000000D  c_w.l(_printf_lli.o)
    0x080001f6   0x080001f6   0x00000006   Code   RO         2651    .ARM.Collect$$_printf_percent$$0000000E  c_w.l(_printf_lld.o)
    0x080001fc   0x080001fc   0x00000006   Code   RO         2652    .ARM.Collect$$_printf_percent$$0000000F  c_w.l(_printf_llu.o)
    0x08000202   0x08000202   0x00000006   Code   RO         2657    .ARM.Collect$$_printf_percent$$00000010  c_w.l(_printf_llo.o)
    0x08000208   0x08000208   0x00000006   Code   RO         2658    .ARM.Collect$$_printf_percent$$00000011  c_w.l(_printf_llx.o)
    0x0800020e   0x0800020e   0x0000000a   Code   RO         2654    .ARM.Collect$$_printf_percent$$00000012  c_w.l(_printf_l.o)
    0x08000218   0x08000218   0x00000006   Code   RO         2561    .ARM.Collect$$_printf_percent$$00000013  c_w.l(_printf_c.o)
    0x0800021e   0x0800021e   0x00000006   Code   RO         2562    .ARM.Collect$$_printf_percent$$00000014  c_w.l(_printf_s.o)
    0x08000224   0x08000224   0x00000006   Code   RO         2655    .ARM.Collect$$_printf_percent$$00000015  c_w.l(_printf_lc.o)
    0x0800022a   0x0800022a   0x00000006   Code   RO         2656    .ARM.Collect$$_printf_percent$$00000016  c_w.l(_printf_ls.o)
    0x08000230   0x08000230   0x00000004   Code   RO         2649    .ARM.Collect$$_printf_percent$$00000017  c_w.l(_printf_percent_end.o)
    0x08000234   0x08000234   0x00000002   Code   RO         2752    .ARM.Collect$$libinit$$00000000  c_w.l(libinit.o)
    0x08000236   0x08000236   0x00000000   Code   RO         2768    .ARM.Collect$$libinit$$00000002  c_w.l(libinit2.o)
    0x08000236   0x08000236   0x00000000   Code   RO         2770    .ARM.Collect$$libinit$$00000004  c_w.l(libinit2.o)
    0x08000236   0x08000236   0x00000000   Code   RO         2773    .ARM.Collect$$libinit$$0000000A  c_w.l(libinit2.o)
    0x08000236   0x08000236   0x00000000   Code   RO         2775    .ARM.Collect$$libinit$$0000000C  c_w.l(libinit2.o)
    0x08000236   0x08000236   0x00000000   Code   RO         2777    .ARM.Collect$$libinit$$0000000E  c_w.l(libinit2.o)
    0x08000236   0x08000236   0x00000006   Code   RO         2778    .ARM.Collect$$libinit$$0000000F  c_w.l(libinit2.o)
    0x0800023c   0x0800023c   0x00000000   Code   RO         2780    .ARM.Collect$$libinit$$00000011  c_w.l(libinit2.o)
    0x0800023c   0x0800023c   0x0000000c   Code   RO         2781    .ARM.Collect$$libinit$$00000012  c_w.l(libinit2.o)
    0x08000248   0x08000248   0x00000000   Code   RO         2782    .ARM.Collect$$libinit$$00000013  c_w.l(libinit2.o)
    0x08000248   0x08000248   0x00000000   Code   RO         2784    .ARM.Collect$$libinit$$00000015  c_w.l(libinit2.o)
    0x08000248   0x08000248   0x0000000a   Code   RO         2785    .ARM.Collect$$libinit$$00000016  c_w.l(libinit2.o)
    0x08000252   0x08000252   0x00000000   Code   RO         2786    .ARM.Collect$$libinit$$00000017  c_w.l(libinit2.o)
    0x08000252   0x08000252   0x00000000   Code   RO         2788    .ARM.Collect$$libinit$$00000019  c_w.l(libinit2.o)
    0x08000252   0x08000252   0x00000000   Code   RO         2790    .ARM.Collect$$libinit$$0000001B  c_w.l(libinit2.o)
    0x08000252   0x08000252   0x00000000   Code   RO         2792    .ARM.Collect$$libinit$$0000001D  c_w.l(libinit2.o)
    0x08000252   0x08000252   0x00000000   Code   RO         2794    .ARM.Collect$$libinit$$0000001F  c_w.l(libinit2.o)
    0x08000252   0x08000252   0x00000000   Code   RO         2796    .ARM.Collect$$libinit$$00000021  c_w.l(libinit2.o)
    0x08000252   0x08000252   0x00000000   Code   RO         2798    .ARM.Collect$$libinit$$00000023  c_w.l(libinit2.o)
    0x08000252   0x08000252   0x00000000   Code   RO         2800    .ARM.Collect$$libinit$$00000025  c_w.l(libinit2.o)
    0x08000252   0x08000252   0x00000000   Code   RO         2804    .ARM.Collect$$libinit$$0000002C  c_w.l(libinit2.o)
    0x08000252   0x08000252   0x00000000   Code   RO         2806    .ARM.Collect$$libinit$$0000002E  c_w.l(libinit2.o)
    0x08000252   0x08000252   0x00000000   Code   RO         2808    .ARM.Collect$$libinit$$00000030  c_w.l(libinit2.o)
    0x08000252   0x08000252   0x00000000   Code   RO         2810    .ARM.Collect$$libinit$$00000032  c_w.l(libinit2.o)
    0x08000252   0x08000252   0x00000002   Code   RO         2811    .ARM.Collect$$libinit$$00000033  c_w.l(libinit2.o)
    0x08000254   0x08000254   0x00000002   Code   RO         2829    .ARM.Collect$$libshutdown$$00000000  c_w.l(libshutdown.o)
    0x08000256   0x08000256   0x00000000   Code   RO         2839    .ARM.Collect$$libshutdown$$00000002  c_w.l(libshutdown2.o)
    0x08000256   0x08000256   0x00000000   Code   RO         2841    .ARM.Collect$$libshutdown$$00000004  c_w.l(libshutdown2.o)
    0x08000256   0x08000256   0x00000000   Code   RO         2844    .ARM.Collect$$libshutdown$$00000007  c_w.l(libshutdown2.o)
    0x08000256   0x08000256   0x00000000   Code   RO         2847    .ARM.Collect$$libshutdown$$0000000A  c_w.l(libshutdown2.o)
    0x08000256   0x08000256   0x00000000   Code   RO         2849    .ARM.Collect$$libshutdown$$0000000C  c_w.l(libshutdown2.o)
    0x08000256   0x08000256   0x00000000   Code   RO         2852    .ARM.Collect$$libshutdown$$0000000F  c_w.l(libshutdown2.o)
    0x08000256   0x08000256   0x00000002   Code   RO         2853    .ARM.Collect$$libshutdown$$00000010  c_w.l(libshutdown2.o)
    0x08000258   0x08000258   0x00000000   Code   RO         2616    .ARM.Collect$$rtentry$$00000000  c_w.l(__rtentry.o)
    0x08000258   0x08000258   0x00000000   Code   RO         2679    .ARM.Collect$$rtentry$$00000002  c_w.l(__rtentry2.o)
    0x08000258   0x08000258   0x00000006   Code   RO         2691    .ARM.Collect$$rtentry$$00000004  c_w.l(__rtentry4.o)
    0x0800025e   0x0800025e   0x00000000   Code   RO         2681    .ARM.Collect$$rtentry$$00000009  c_w.l(__rtentry2.o)
    0x0800025e   0x0800025e   0x00000004   Code   RO         2682    .ARM.Collect$$rtentry$$0000000A  c_w.l(__rtentry2.o)
    0x08000262   0x08000262   0x00000000   Code   RO         2684    .ARM.Collect$$rtentry$$0000000C  c_w.l(__rtentry2.o)
    0x08000262   0x08000262   0x00000008   Code   RO         2685    .ARM.Collect$$rtentry$$0000000D  c_w.l(__rtentry2.o)
    0x0800026a   0x0800026a   0x00000002   Code   RO         2760    .ARM.Collect$$rtexit$$00000000  c_w.l(rtexit.o)
    0x0800026c   0x0800026c   0x00000000   Code   RO         2813    .ARM.Collect$$rtexit$$00000002  c_w.l(rtexit2.o)
    0x0800026c   0x0800026c   0x00000004   Code   RO         2814    .ARM.Collect$$rtexit$$00000003  c_w.l(rtexit2.o)
    0x08000270   0x08000270   0x00000006   Code   RO         2815    .ARM.Collect$$rtexit$$00000004  c_w.l(rtexit2.o)
    0x08000276   0x08000276   0x00000002   PAD
    0x08000278   0x08000278   0x00000040   Code   RO         1050  * .text               startup_stm32f10x_hd.o
    0x080002b8   0x080002b8   0x00000002   Code   RO         2504    .text               c_w.l(use_no_semi_2.o)
    0x080002ba   0x080002ba   0x00000002   PAD
    0x080002bc   0x080002bc   0x00000024   Code   RO         2506    .text               c_w.l(vsprintf.o)
    0x080002e0   0x080002e0   0x0000002c   Code   RO         2508    .text               c_w.l(__2sprintf.o)
    0x0800030c   0x0800030c   0x0000004e   Code   RO         2514    .text               c_w.l(_printf_pad.o)
    0x0800035a   0x0800035a   0x00000052   Code   RO         2516    .text               c_w.l(_printf_str.o)
    0x080003ac   0x080003ac   0x00000078   Code   RO         2518    .text               c_w.l(_printf_dec.o)
    0x08000424   0x08000424   0x00000094   Code   RO         2538    .text               c_w.l(_printf_hex_int_ll_ptr.o)
    0x080004b8   0x080004b8   0x00000188   Code   RO         2558    .text               c_w.l(__printf_flags_ss_wp.o)
    0x08000640   0x08000640   0x00000024   Code   RO         2566    .text               c_w.l(strstr.o)
    0x08000664   0x08000664   0x00000058   Code   RO         2568    .text               c_w.l(memcmp.o)
    0x080006bc   0x080006bc   0x0000003e   Code   RO         2570    .text               c_w.l(strlen.o)
    0x080006fa   0x080006fa   0x0000008a   Code   RO         2572    .text               c_w.l(rt_memcpy_v6.o)
    0x08000784   0x08000784   0x00000044   Code   RO         2574    .text               c_w.l(rt_memclr.o)
    0x080007c8   0x080007c8   0x0000004e   Code   RO         2576    .text               c_w.l(rt_memclr_w.o)
    0x08000816   0x08000816   0x00000006   Code   RO         2578    .text               c_w.l(heapauxi.o)
    0x0800081c   0x0800081c   0x00000002   Code   RO         2614    .text               c_w.l(use_no_semi.o)
    0x0800081e   0x0800081e   0x00000024   Code   RO         2617    .text               c_w.l(_printf_truncate.o)
    0x08000842   0x08000842   0x000000b2   Code   RO         2619    .text               c_w.l(_printf_intcommon.o)
    0x080008f4   0x080008f4   0x00000028   Code   RO         2621    .text               c_w.l(_printf_charcount.o)
    0x0800091c   0x0800091c   0x00000030   Code   RO         2623    .text               c_w.l(_printf_char_common.o)
    0x0800094c   0x0800094c   0x0000000a   Code   RO         2625    .text               c_w.l(_sputc.o)
    0x08000956   0x08000956   0x0000002c   Code   RO         2627    .text               c_w.l(_printf_char.o)
    0x08000982   0x08000982   0x00000002   PAD
    0x08000984   0x08000984   0x000000bc   Code   RO         2629    .text               c_w.l(_printf_wctomb.o)
    0x08000a40   0x08000a40   0x0000007c   Code   RO         2632    .text               c_w.l(_printf_longlong_dec.o)
    0x08000abc   0x08000abc   0x00000070   Code   RO         2638    .text               c_w.l(_printf_oct_int_ll.o)
    0x08000b2c   0x08000b2c   0x00000064   Code   RO         2659    .text               c_w.l(rt_memcpy_w.o)
    0x08000b90   0x08000b90   0x0000008a   Code   RO         2693    .text               c_w.l(lludiv10.o)
    0x08000c1a   0x08000c1a   0x0000041e   Code   RO         2695    .text               c_w.l(_printf_fp_dec.o)
    0x08001038   0x08001038   0x000002fc   Code   RO         2697    .text               c_w.l(_printf_fp_hex.o)
    0x08001334   0x08001334   0x0000002c   Code   RO         2702    .text               c_w.l(_printf_wchar.o)
    0x08001360   0x08001360   0x00000040   Code   RO         2704    .text               c_w.l(_wcrtomb.o)
    0x080013a0   0x080013a0   0x0000004a   Code   RO         2706    .text               c_w.l(sys_stackheap_outer.o)
    0x080013ea   0x080013ea   0x00000002   PAD
    0x080013ec   0x080013ec   0x00000010   Code   RO         2708    .text               c_w.l(rt_ctype_table.o)
    0x080013fc   0x080013fc   0x00000008   Code   RO         2713    .text               c_w.l(rt_locale_intlibspace.o)
    0x08001404   0x08001404   0x00000080   Code   RO         2715    .text               c_w.l(_printf_fp_infnan.o)
    0x08001484   0x08001484   0x000000e4   Code   RO         2717    .text               c_w.l(bigflt0.o)
    0x08001568   0x08001568   0x00000012   Code   RO         2745    .text               c_w.l(exit.o)
    0x0800157a   0x0800157a   0x00000002   PAD
    0x0800157c   0x0800157c   0x00000008   Code   RO         2757    .text               c_w.l(libspace.o)
    0x08001584   0x08001584   0x00000080   Code   RO         2765    .text               c_w.l(strcmpv7m.o)
    0x08001604   0x08001604   0x0000003e   Code   RO         2720    CL$$btod_d2e        c_w.l(btod.o)
    0x08001642   0x08001642   0x00000046   Code   RO         2722    CL$$btod_d2e_denorm_low  c_w.l(btod.o)
    0x08001688   0x08001688   0x00000060   Code   RO         2721    CL$$btod_d2e_norm_op1  c_w.l(btod.o)
    0x080016e8   0x080016e8   0x00000338   Code   RO         2730    CL$$btod_div_common  c_w.l(btod.o)
    0x08001a20   0x08001a20   0x000000dc   Code   RO         2727    CL$$btod_e2e        c_w.l(btod.o)
    0x08001afc   0x08001afc   0x0000002a   Code   RO         2724    CL$$btod_ediv       c_w.l(btod.o)
    0x08001b26   0x08001b26   0x0000002a   Code   RO         2723    CL$$btod_emul       c_w.l(btod.o)
    0x08001b50   0x08001b50   0x00000244   Code   RO         2729    CL$$btod_mult_common  c_w.l(btod.o)
    0x08001d94   0x08001d94   0x00000016   Code   RO         2258    i.ADC_Cmd           stm32f10x_adc.o
    0x08001daa   0x08001daa   0x00000002   PAD
    0x08001dac   0x08001dac   0x0000005c   Code   RO         2260    i.ADC_DeInit        stm32f10x_adc.o
    0x08001e08   0x08001e08   0x00000014   Code   RO         2266    i.ADC_GetCalibrationStatus  stm32f10x_adc.o
    0x08001e1c   0x08001e1c   0x00000008   Code   RO         2267    i.ADC_GetConversionValue  stm32f10x_adc.o
    0x08001e24   0x08001e24   0x00000012   Code   RO         2269    i.ADC_GetFlagStatus  stm32f10x_adc.o
    0x08001e36   0x08001e36   0x00000014   Code   RO         2272    i.ADC_GetResetCalibrationStatus  stm32f10x_adc.o
    0x08001e4a   0x08001e4a   0x00000002   PAD
    0x08001e4c   0x08001e4c   0x00000050   Code   RO         2276    i.ADC_Init          stm32f10x_adc.o
    0x08001e9c   0x08001e9c   0x000000b8   Code   RO         2280    i.ADC_RegularChannelConfig  stm32f10x_adc.o
    0x08001f54   0x08001f54   0x0000000a   Code   RO         2281    i.ADC_ResetCalibration  stm32f10x_adc.o
    0x08001f5e   0x08001f5e   0x00000016   Code   RO         2283    i.ADC_SoftwareStartConvCmd  stm32f10x_adc.o
    0x08001f74   0x08001f74   0x0000000a   Code   RO         2285    i.ADC_StartCalibration  stm32f10x_adc.o
    0x08001f7e   0x08001f7e   0x00000002   PAD
    0x08001f80   0x08001f80   0x0000007c   Code   RO          966    i.Adc3_Init         adc.o
    0x08001ffc   0x08001ffc   0x00000038   Code   RO          887    i.BEEP_Init         beep.o
    0x08002034   0x08002034   0x0000006c   Code   RO          535    i.CMDBuf_Deal       mqtt.o
    0x080020a0   0x080020a0   0x0000006c   Code   RO          924    i.DHT11_Check       dht11.o
    0x0800210c   0x0800210c   0x00000034   Code   RO          925    i.DHT11_Init        dht11.o
    0x08002140   0x08002140   0x00000058   Code   RO          926    i.DHT11_Read_Bit    dht11.o
    0x08002198   0x08002198   0x0000001e   Code   RO          927    i.DHT11_Read_Byte   dht11.o
    0x080021b6   0x080021b6   0x0000005c   Code   RO          928    i.DHT11_Read_Data   dht11.o
    0x08002212   0x08002212   0x00000002   PAD
    0x08002214   0x08002214   0x00000040   Code   RO          929    i.DHT11_Rst         dht11.o
    0x08002254   0x08002254   0x0000004c   Code   RO          232    i.DelayMs           delay.o
    0x080022a0   0x080022a0   0x0000004c   Code   RO          233    i.DelayUs           delay.o
    0x080022ec   0x080022ec   0x00000044   Code   RO          234    i.Delay_Init        delay.o
    0x08002330   0x08002330   0x00000034   Code   RO         2143    i.FSMC_NORSRAMCmd   stm32f10x_fsmc.o
    0x08002364   0x08002364   0x000000e6   Code   RO         2145    i.FSMC_NORSRAMInit  stm32f10x_fsmc.o
    0x0800244a   0x0800244a   0x00000116   Code   RO         2024    i.GPIO_Init         stm32f10x_gpio.o
    0x08002560   0x08002560   0x00000012   Code   RO         2028    i.GPIO_ReadInputDataBit  stm32f10x_gpio.o
    0x08002572   0x08002572   0x00000004   Code   RO         2031    i.GPIO_ResetBits    stm32f10x_gpio.o
    0x08002576   0x08002576   0x00000004   Code   RO         2032    i.GPIO_SetBits      stm32f10x_gpio.o
    0x0800257a   0x0800257a   0x0000000a   Code   RO         2035    i.GPIO_WriteBit     stm32f10x_gpio.o
    0x08002584   0x08002584   0x00000034   Code   RO          967    i.Get_Adc3          adc.o
    0x080025b8   0x080025b8   0x00000164   Code   RO          536    i.IoT_Parameter_Init  mqtt.o
    0x0800271c   0x0800271c   0x0000003c   Code   RO          905    i.KEY_Init          key.o
    0x08002758   0x08002758   0x000000c8   Code   RO          906    i.KEY_Scan          key.o
    0x08002820   0x08002820   0x0000006c   Code   RO          663    i.LCD_Clear         lcd.o
    0x0800288c   0x0800288c   0x000001c0   Code   RO          667    i.LCD_Display_Dir   lcd.o
    0x08002a4c   0x08002a4c   0x000000b0   Code   RO          668    i.LCD_DrawLine      lcd.o
    0x08002afc   0x08002afc   0x00000024   Code   RO          669    i.LCD_DrawPoint     lcd.o
    0x08002b20   0x08002b20   0x0000003c   Code   RO          670    i.LCD_DrawRectangle  lcd.o
    0x08002b5c   0x08002b5c   0x0000017c   Code   RO          672    i.LCD_Fast_DrawPoint  lcd.o
    0x08002cd8   0x08002cd8   0x000000bc   Code   RO          673    i.LCD_Fill          lcd.o
    0x08002d94   0x08002d94   0x00003788   Code   RO          674    i.LCD_Init          lcd.o
    0x0800651c   0x0800651c   0x00000016   Code   RO          675    i.LCD_Pow           lcd.o
    0x08006532   0x08006532   0x00000002   PAD
    0x08006534   0x08006534   0x00000014   Code   RO          676    i.LCD_RD_DATA       lcd.o
    0x08006548   0x08006548   0x00000016   Code   RO          678    i.LCD_ReadReg       lcd.o
    0x0800655e   0x0800655e   0x00000002   PAD
    0x08006560   0x08006560   0x00000054   Code   RO          679    i.LCD_SSD_BackLightSet  lcd.o
    0x080065b4   0x080065b4   0x000002ec   Code   RO          680    i.LCD_Scan_Dir      lcd.o
    0x080068a0   0x080068a0   0x000001a8   Code   RO          681    i.LCD_SetCursor     lcd.o
    0x08006a48   0x08006a48   0x00000128   Code   RO          683    i.LCD_ShowChar      lcd.o
    0x08006b70   0x08006b70   0x00000094   Code   RO          684    i.LCD_ShowNum       lcd.o
    0x08006c04   0x08006c04   0x00000066   Code   RO          685    i.LCD_ShowString    lcd.o
    0x08006c6a   0x08006c6a   0x00000002   PAD
    0x08006c6c   0x08006c6c   0x0000000c   Code   RO          687    i.LCD_WR_DATA       lcd.o
    0x08006c78   0x08006c78   0x0000000c   Code   RO          688    i.LCD_WR_REG        lcd.o
    0x08006c84   0x08006c84   0x00000014   Code   RO          690    i.LCD_WriteRAM_Prepare  lcd.o
    0x08006c98   0x08006c98   0x00000010   Code   RO          691    i.LCD_WriteReg      lcd.o
    0x08006ca8   0x08006ca8   0x0000004c   Code   RO          875    i.LED_Init          led.o
    0x08006cf4   0x08006cf4   0x0000003c   Code   RO          984    i.Lsens_Get_Val     lsens.o
    0x08006d30   0x08006d30   0x0000002c   Code   RO          985    i.Lsens_Init        lsens.o
    0x08006d5c   0x08006d5c   0x000000b0   Code   RO          537    i.MQTT_Buff_Init    mqtt.o
    0x08006e0c   0x08006e0c   0x00000218   Code   RO          538    i.MQTT_ConectPack   mqtt.o
    0x08007024   0x08007024   0x00000108   Code   RO          539    i.MQTT_DealPushdata_Qs0  mqtt.o
    0x0800712c   0x0800712c   0x0000001c   Code   RO          540    i.MQTT_PingREQ      mqtt.o
    0x08007148   0x08007148   0x000000ec   Code   RO          541    i.MQTT_PublishQs0   mqtt.o
    0x08007234   0x08007234   0x00000098   Code   RO          542    i.MQTT_Subscribe    mqtt.o
    0x080072cc   0x080072cc   0x00000070   Code   RO         1054    i.NVIC_Init         misc.o
    0x0800733c   0x0800733c   0x00000014   Code   RO         1055    i.NVIC_PriorityGroupConfig  misc.o
    0x08007350   0x08007350   0x00000020   Code   RO         1091    i.RCC_AHBPeriphClockCmd  stm32f10x_rcc.o
    0x08007370   0x08007370   0x00000020   Code   RO         1092    i.RCC_APB1PeriphClockCmd  stm32f10x_rcc.o
    0x08007390   0x08007390   0x00000020   Code   RO         1093    i.RCC_APB1PeriphResetCmd  stm32f10x_rcc.o
    0x080073b0   0x080073b0   0x00000020   Code   RO         1094    i.RCC_APB2PeriphClockCmd  stm32f10x_rcc.o
    0x080073d0   0x080073d0   0x00000020   Code   RO         1095    i.RCC_APB2PeriphResetCmd  stm32f10x_rcc.o
    0x080073f0   0x080073f0   0x000000d4   Code   RO         1102    i.RCC_GetClocksFreq  stm32f10x_rcc.o
    0x080074c4   0x080074c4   0x00000090   Code   RO          613    i.Send_Data_Beep_OFF  control.o
    0x08007554   0x08007554   0x00000090   Code   RO          614    i.Send_Data_Beep_ON  control.o
    0x080075e4   0x080075e4   0x000000b0   Code   RO          615    i.Send_Data_DHT     control.o
    0x08007694   0x08007694   0x000000b0   Code   RO          616    i.Send_Data_LED0    control.o
    0x08007744   0x08007744   0x000000b0   Code   RO          617    i.Send_Data_LED1    control.o
    0x080077f4   0x080077f4   0x000000b0   Code   RO          618    i.Send_Data_Servo   control.o
    0x080078a4   0x080078a4   0x00000008   Code   RO         1013    i.SetSysClock       system_stm32f10x.o
    0x080078ac   0x080078ac   0x000000e0   Code   RO         1014    i.SetSysClockTo72   system_stm32f10x.o
    0x0800798c   0x0800798c   0x00000028   Code   RO         1058    i.SysTick_CLKSourceConfig  misc.o
    0x080079b4   0x080079b4   0x00000060   Code   RO         1016    i.SystemInit        system_stm32f10x.o
    0x08007a14   0x08007a14   0x00000080   Code   RO         1290    i.TI1_Config        stm32f10x_tim.o
    0x08007a94   0x08007a94   0x00000098   Code   RO         1291    i.TI2_Config        stm32f10x_tim.o
    0x08007b2c   0x08007b2c   0x00000090   Code   RO         1292    i.TI3_Config        stm32f10x_tim.o
    0x08007bbc   0x08007bbc   0x00000098   Code   RO         1293    i.TI4_Config        stm32f10x_tim.o
    0x08007c54   0x08007c54   0x00000076   Code   RO          376    i.TIM2_ENABLE       timer2.o
    0x08007cca   0x08007cca   0x00000002   PAD
    0x08007ccc   0x08007ccc   0x000005a8   Code   RO          184    i.TIM2_IRQHandler   stm32f10x_it.o
    0x08008274   0x08008274   0x00000078   Code   RO          388    i.TIM3_ENABLE_2S    timer3.o
    0x080082ec   0x080082ec   0x00000078   Code   RO          389    i.TIM3_ENABLE_30S   timer3.o
    0x08008364   0x08008364   0x00000074   Code   RO          185    i.TIM3_IRQHandler   stm32f10x_it.o
    0x080083d8   0x080083d8   0x00000098   Code   RO          186    i.TIM4_IRQHandler   stm32f10x_it.o
    0x08008470   0x08008470   0x00000070   Code   RO          406    i.TIM4_Init         timer4.o
    0x080084e0   0x080084e0   0x00000088   Code   RO          418    i.TIM5_CH2_Cap_Init  tpad.o
    0x08008568   0x08008568   0x00000078   Code   RO          466    i.TIM8_ENABLE       timer8.o
    0x080085e0   0x080085e0   0x000005d4   Code   RO          187    i.TIM8_UP_IRQHandler  stm32f10x_it.o
    0x08008bb4   0x08008bb4   0x00000018   Code   RO         1294    i.TIM_ARRPreloadConfig  stm32f10x_tim.o
    0x08008bcc   0x08008bcc   0x00000006   Code   RO         1301    i.TIM_ClearITPendingBit  stm32f10x_tim.o
    0x08008bd2   0x08008bd2   0x00000018   Code   RO         1306    i.TIM_Cmd           stm32f10x_tim.o
    0x08008bea   0x08008bea   0x0000001e   Code   RO         1308    i.TIM_CtrlPWMOutputs  stm32f10x_tim.o
    0x08008c08   0x08008c08   0x000001e8   Code   RO         1311    i.TIM_DeInit        stm32f10x_tim.o
    0x08008df0   0x08008df0   0x00000006   Code   RO         1322    i.TIM_GetCapture2   stm32f10x_tim.o
    0x08008df6   0x08008df6   0x00000006   Code   RO         1325    i.TIM_GetCounter    stm32f10x_tim.o
    0x08008dfc   0x08008dfc   0x00000012   Code   RO         1326    i.TIM_GetFlagStatus  stm32f10x_tim.o
    0x08008e0e   0x08008e0e   0x00000022   Code   RO         1327    i.TIM_GetITStatus   stm32f10x_tim.o
    0x08008e30   0x08008e30   0x000000ac   Code   RO         1329    i.TIM_ICInit        stm32f10x_tim.o
    0x08008edc   0x08008edc   0x00000012   Code   RO         1331    i.TIM_ITConfig      stm32f10x_tim.o
    0x08008eee   0x08008eee   0x00000002   PAD
    0x08008ef0   0x08008ef0   0x00000098   Code   RO         1335    i.TIM_OC1Init       stm32f10x_tim.o
    0x08008f88   0x08008f88   0x00000012   Code   RO         1338    i.TIM_OC1PreloadConfig  stm32f10x_tim.o
    0x08008f9a   0x08008f9a   0x00000004   Code   RO         1367    i.TIM_SetCompare1   stm32f10x_tim.o
    0x08008f9e   0x08008f9e   0x00000004   Code   RO         1371    i.TIM_SetCounter    stm32f10x_tim.o
    0x08008fa2   0x08008fa2   0x00000012   Code   RO         1372    i.TIM_SetIC1Prescaler  stm32f10x_tim.o
    0x08008fb4   0x08008fb4   0x0000001a   Code   RO         1373    i.TIM_SetIC2Prescaler  stm32f10x_tim.o
    0x08008fce   0x08008fce   0x00000012   Code   RO         1374    i.TIM_SetIC3Prescaler  stm32f10x_tim.o
    0x08008fe0   0x08008fe0   0x0000001a   Code   RO         1375    i.TIM_SetIC4Prescaler  stm32f10x_tim.o
    0x08008ffa   0x08008ffa   0x00000002   PAD
    0x08008ffc   0x08008ffc   0x000000a4   Code   RO         1377    i.TIM_TimeBaseInit  stm32f10x_tim.o
    0x080090a0   0x080090a0   0x00000024   Code   RO          419    i.TPAD_Get_MaxVal   tpad.o
    0x080090c4   0x080090c4   0x00000038   Code   RO          420    i.TPAD_Get_Val      tpad.o
    0x080090fc   0x080090fc   0x000000c8   Code   RO          421    i.TPAD_Init         tpad.o
    0x080091c4   0x080091c4   0x0000005c   Code   RO          422    i.TPAD_Reset        tpad.o
    0x08009220   0x08009220   0x00000054   Code   RO          423    i.TPAD_Scan         tpad.o
    0x08009274   0x08009274   0x00000064   Code   RO          543    i.TxDataBuf_Deal    mqtt.o
    0x080092d8   0x080092d8   0x0000007c   Code   RO          188    i.USART2_IRQHandler  stm32f10x_it.o
    0x08009354   0x08009354   0x00000012   Code   RO         1838    i.USART_ClearFlag   stm32f10x_usart.o
    0x08009366   0x08009366   0x00000018   Code   RO         1842    i.USART_Cmd         stm32f10x_usart.o
    0x0800937e   0x0800937e   0x00000002   PAD
    0x08009380   0x08009380   0x0000009c   Code   RO         1844    i.USART_DeInit      stm32f10x_usart.o
    0x0800941c   0x0800941c   0x00000054   Code   RO         1846    i.USART_GetITStatus  stm32f10x_usart.o
    0x08009470   0x08009470   0x0000004a   Code   RO         1848    i.USART_ITConfig    stm32f10x_usart.o
    0x080094ba   0x080094ba   0x00000002   PAD
    0x080094bc   0x080094bc   0x000000d8   Code   RO         1849    i.USART_Init        stm32f10x_usart.o
    0x08009594   0x08009594   0x00000080   Code   RO          258    i.Usart1_Init       usart1.o
    0x08009614   0x08009614   0x000000b8   Code   RO          299    i.Usart2_Init       usart2.o
    0x080096cc   0x080096cc   0x00000088   Code   RO          888    i.Warning           beep.o
    0x08009754   0x08009754   0x000002f0   Code   RO          478    i.WiFi_Connect_IoTServer  wifi.o
    0x08009a44   0x08009a44   0x00000168   Code   RO          479    i.WiFi_Connect_Server  wifi.o
    0x08009bac   0x08009bac   0x000000ac   Code   RO          480    i.WiFi_JoinAP       wifi.o
    0x08009c58   0x08009c58   0x00000080   Code   RO          481    i.WiFi_Reset        wifi.o
    0x08009cd8   0x08009cd8   0x00000034   Code   RO          482    i.WiFi_ResetIO_Init  wifi.o
    0x08009d0c   0x08009d0c   0x00000080   Code   RO          483    i.WiFi_SendCmd      wifi.o
    0x08009d8c   0x08009d8c   0x00000028   Code   RO         2755    i.__ARM_fpclassify  m_ws.l(fpclassify.o)
    0x08009db4   0x08009db4   0x0000000e   Code   RO         2551    i._is_digit         c_w.l(__printf_wp.o)
    0x08009dc2   0x08009dc2   0x00000004   Code   RO          259    i._sys_exit         usart1.o
    0x08009dc6   0x08009dc6   0x00000002   PAD
    0x08009dc8   0x08009dc8   0x000018f8   Code   RO            1    i.main              main.o
    0x0800b6c0   0x0800b6c0   0x00000094   Code   RO          334    i.servo_init        sg90.o
    0x0800b754   0x0800b754   0x0000001c   Code   RO          335    i.servo_off         sg90.o
    0x0800b770   0x0800b770   0x0000001c   Code   RO          336    i.servo_on_135      sg90.o
    0x0800b78c   0x0800b78c   0x0000001c   Code   RO          337    i.servo_on_180      sg90.o
    0x0800b7a8   0x0800b7a8   0x0000001c   Code   RO          338    i.servo_on_45       sg90.o
    0x0800b7c4   0x0800b7c4   0x0000001c   Code   RO          339    i.servo_on_90       sg90.o
    0x0800b7e0   0x0800b7e0   0x0000005c   Code   RO          261    i.u1_printf         usart1.o
    0x0800b83c   0x0800b83c   0x00000040   Code   RO          300    i.u2_TxData         usart2.o
    0x0800b87c   0x0800b87c   0x0000005c   Code   RO          301    i.u2_printf         usart2.o
    0x0800b8d8   0x0800b8d8   0x0000002c   Code   RO         2743    locale$$code        c_w.l(lc_numeric_c.o)
    0x0800b904   0x0800b904   0x0000002c   Code   RO         2763    locale$$code        c_w.l(lc_ctype_c.o)
    0x0800b930   0x0800b930   0x00000062   Code   RO         2582    x$fpl$d2f           fz_ws.l(d2f.o)
    0x0800b992   0x0800b992   0x00000002   PAD
    0x0800b994   0x0800b994   0x000002b0   Code   RO         2585    x$fpl$ddiv          fz_ws.l(ddiv.o)
    0x0800bc44   0x0800bc44   0x0000005a   Code   RO         2588    x$fpl$dfixu         fz_ws.l(dfixu.o)
    0x0800bc9e   0x0800bc9e   0x00000026   Code   RO         2592    x$fpl$dfltu         fz_ws.l(dflt_clz.o)
    0x0800bcc4   0x0800bcc4   0x00000154   Code   RO         2598    x$fpl$dmul          fz_ws.l(dmul.o)
    0x0800be18   0x0800be18   0x0000009c   Code   RO         2661    x$fpl$dnaninf       fz_ws.l(dnaninf.o)
    0x0800beb4   0x0800beb4   0x0000000c   Code   RO         2663    x$fpl$dretinf       fz_ws.l(dretinf.o)
    0x0800bec0   0x0800bec0   0x00000056   Code   RO         2600    x$fpl$f2d           fz_ws.l(f2d.o)
    0x0800bf16   0x0800bf16   0x00000002   PAD
    0x0800bf18   0x0800bf18   0x00000036   Code   RO         2602    x$fpl$ffix          fz_ws.l(ffix.o)
    0x0800bf4e   0x0800bf4e   0x00000002   PAD
    0x0800bf50   0x0800bf50   0x00000030   Code   RO         2607    x$fpl$fflt          fz_ws.l(fflt_clz.o)
    0x0800bf80   0x0800bf80   0x00000102   Code   RO         2612    x$fpl$fmul          fz_ws.l(fmul.o)
    0x0800c082   0x0800c082   0x0000008c   Code   RO         2665    x$fpl$fnaninf       fz_ws.l(fnaninf.o)
    0x0800c10e   0x0800c10e   0x0000000a   Code   RO         2667    x$fpl$fretinf       fz_ws.l(fretinf.o)
    0x0800c118   0x0800c118   0x00000004   Code   RO         2669    x$fpl$printf1       fz_ws.l(printf1.o)
    0x0800c11c   0x0800c11c   0x00000004   Code   RO         2671    x$fpl$printf2       fz_ws.l(printf2.o)
    0x0800c120   0x0800c120   0x00000000   Code   RO         2677    x$fpl$usenofp       fz_ws.l(usenofp.o)
    0x0800c120   0x0800c120   0x000017c0   Data   RO          694    .constdata          lcd.o
    0x0800d8e0   0x0800d8e0   0x00000028   Data   RO         2539    .constdata          c_w.l(_printf_hex_int_ll_ptr.o)
    0x0800d908   0x0800d908   0x00000011   Data   RO         2559    .constdata          c_w.l(__printf_flags_ss_wp.o)
    0x0800d919   0x0800d919   0x00000003   PAD
    0x0800d91c   0x0800d91c   0x00000008   Data   RO         2630    .constdata          c_w.l(_printf_wctomb.o)
    0x0800d924   0x0800d924   0x00000026   Data   RO         2698    .constdata          c_w.l(_printf_fp_hex.o)
    0x0800d94a   0x0800d94a   0x00000002   PAD
    0x0800d94c   0x0800d94c   0x00000094   Data   RO         2718    .constdata          c_w.l(bigflt0.o)
    0x0800d9e0   0x0800d9e0   0x0000006a   Data   RO            2    .conststring        main.o
    0x0800da4a   0x0800da4a   0x00000002   PAD
    0x0800da4c   0x0800da4c   0x00000020   Data   RO         2885    Region$$Table       anon$$obj.o
    0x0800da6c   0x0800da6c   0x0000001c   Data   RO         2742    locale$$data        c_w.l(lc_numeric_c.o)
    0x0800da88   0x0800da88   0x00000110   Data   RO         2762    locale$$data        c_w.l(lc_ctype_c.o)


    Execution Region ER_RW (Exec base: 0x20000000, Load base: 0x0800db98, Size: 0x000000f4, Max: 0xffffffff, ABSOLUTE)

    Exec Addr    Load Addr    Size         Type   Attr      Idx    E Section Name        Object

    0x20000000   0x0800db98   0x0000005c   Data   RW            3    .data               main.o
    0x2000005c   0x0800dbf4   0x00000014   Data   RW          190    .data               stm32f10x_it.o
    0x20000070   0x0800dc08   0x00000004   Data   RW          235    .data               delay.o
    0x20000074   0x0800dc0c   0x00000008   Data   RW          303    .data               usart2.o
    0x2000007c   0x0800dc14   0x00000003   Data   RW          424    .data               tpad.o
    0x2000007f   0x0800dc17   0x00000001   Data   RW          486    .data               wifi.o
    0x20000080   0x0800dc18   0x00000044   Data   RW          545    .data               mqtt.o
    0x200000c4   0x0800dc5c   0x00000004   Data   RW          695    .data               lcd.o
    0x200000c8   0x0800dc60   0x00000001   Data   RW          907    .data               key.o
    0x200000c9   0x0800dc61   0x00000003   PAD
    0x200000cc   0x0800dc64   0x00000014   Data   RW         1017    .data               system_stm32f10x.o
    0x200000e0   0x0800dc78   0x00000014   Data   RW         1122    .data               stm32f10x_rcc.o


    Execution Region ER_ZI (Exec base: 0x200000f4, Load base: 0x0800dc8c, Size: 0x000037b4, Max: 0xffffffff, ABSOLUTE)

    Exec Addr    Load Addr    Size         Type   Attr      Idx    E Section Name        Object

    0x200000f4        -       0x000001ec   Zero   RW          189    .bss                stm32f10x_it.o
    0x200002e0        -       0x00000100   Zero   RW          262    .bss                usart1.o
    0x200003e0        -       0x00000800   Zero   RW          302    .bss                usart2.o
    0x20000be0        -       0x00002654   Zero   RW          544    .bss                mqtt.o
    0x20003234        -       0x0000000e   Zero   RW          693    .bss                lcd.o
    0x20003242   0x0800dc8c   0x00000002   PAD
    0x20003244        -       0x00000060   Zero   RW         2758    .bss                c_w.l(libspace.o)
    0x200032a4   0x0800dc8c   0x00000004   PAD
    0x200032a8        -       0x00000200   Zero   RW         1048    HEAP                startup_stm32f10x_hd.o
    0x200034a8        -       0x00000400   Zero   RW         1047    STACK               startup_stm32f10x_hd.o


==============================================================================

Image component sizes


      Code (inc. data)   RO Data    RW Data    ZI Data      Debug   Object Name

       176         10          0          0          0       1059   adc.o
       192         10          0          0          0        950   beep.o
       992        312          0          0          0       3713   control.o
         0          0          0          0          0         32   core_cm3.o
       220         26          0          4          0       1625   delay.o
       434         22          0          0          0       3364   dht11.o
       260         20          0          1          0       1134   key.o
     17538        222       6080          4         14      24229   lcd.o
        76          8          0          0          0        479   led.o
       104          6          0          0          0       1009   lsens.o
      6392       1620        106         92          0     274086   main.o
       172         22          0          0          0       1889   misc.o
      1956        416          0         68       9812       7468   mqtt.o
       288         40          0          0          0       2867   sg90.o
        64         26        304          0       1536        784   startup_stm32f10x_hd.o
       486         24          0          0          0       8118   stm32f10x_adc.o
       282          6          0          0          0       1689   stm32f10x_fsmc.o
       314          0          0          0          0       3984   stm32f10x_gpio.o
      3332        770          0         20        492       5092   stm32f10x_it.o
       372         50          0         20          0       5840   stm32f10x_rcc.o
      1832        234          0          0          0      14499   stm32f10x_tim.o
       572         28          0          0          0       5319   stm32f10x_usart.o
       328         28          0         20          0       2065   system_stm32f10x.o
       118          0          0          0          0        554   timer2.o
       240         10          0          0          0       1119   timer3.o
       112          6          0          0          0        660   timer4.o
       120          6          0          0          0        558   timer8.o
       604         76          0          3          0       3969   tpad.o
       224         18          0          0        256       4066   usart1.o
       340         22          0          8       2048       2592   usart2.o
      1592        830          0          1          0       3941   wifi.o

    ----------------------------------------------------------------------
     39758       4868       6524        244      14160     388753   Object Totals
         0          0         32          0          0          0   (incl. Generated)
        26          0          2          3          2          0   (incl. Padding)

    ----------------------------------------------------------------------

      Code (inc. data)   RO Data    RW Data    ZI Data      Debug   Library Member Name

        44          6          0          0          0         84   __2sprintf.o
         8          0          0          0          0         68   __main.o
       392          4         17          0          0         92   __printf_flags_ss_wp.o
        14          0          0          0          0         68   __printf_wp.o
         0          0          0          0          0          0   __rtentry.o
        12          0          0          0          0          0   __rtentry2.o
         6          0          0          0          0          0   __rtentry4.o
        52          8          0          0          0          0   __scatter.o
        26          0          0          0          0          0   __scatter_copy.o
        28          0          0          0          0          0   __scatter_zi.o
         6          0          0          0          0          0   _printf_a.o
         6          0          0          0          0          0   _printf_c.o
        44          0          0          0          0        108   _printf_char.o
        48          6          0          0          0         96   _printf_char_common.o
        40          0          0          0          0         68   _printf_charcount.o
         6          0          0          0          0          0   _printf_d.o
       120         16          0          0          0         92   _printf_dec.o
         6          0          0          0          0          0   _printf_e.o
         6          0          0          0          0          0   _printf_f.o
      1054          0          0          0          0        216   _printf_fp_dec.o
       764          8         38          0          0        100   _printf_fp_hex.o
       128         16          0          0          0         84   _printf_fp_infnan.o
         6          0          0          0          0          0   _printf_g.o
       148          4         40          0          0        160   _printf_hex_int_ll_ptr.o
         6          0          0          0          0          0   _printf_i.o
       178          0          0          0          0         88   _printf_intcommon.o
        10          0          0          0          0          0   _printf_l.o
         6          0          0          0          0          0   _printf_lc.o
        10          0          0          0          0          0   _printf_ll.o
         6          0          0          0          0          0   _printf_lld.o
         6          0          0          0          0          0   _printf_lli.o
         6          0          0          0          0          0   _printf_llo.o
         6          0          0          0          0          0   _printf_llu.o
         6          0          0          0          0          0   _printf_llx.o
       124         16          0          0          0         92   _printf_longlong_dec.o
         6          0          0          0          0          0   _printf_ls.o
         6          0          0          0          0          0   _printf_n.o
         6          0          0          0          0          0   _printf_o.o
       112         10          0          0          0        124   _printf_oct_int_ll.o
         6          0          0          0          0          0   _printf_p.o
        78          0          0          0          0        108   _printf_pad.o
         0          0          0          0          0          0   _printf_percent.o
         4          0          0          0          0          0   _printf_percent_end.o
         6          0          0          0          0          0   _printf_s.o
        82          0          0          0          0         80   _printf_str.o
        36          0          0          0          0         84   _printf_truncate.o
         6          0          0          0          0          0   _printf_u.o
        44          0          0          0          0        108   _printf_wchar.o
       188          6          8          0          0         92   _printf_wctomb.o
         6          0          0          0          0          0   _printf_x.o
        10          0          0          0          0         68   _sputc.o
        64          0          0          0          0         92   _wcrtomb.o
       228          4        148          0          0         96   bigflt0.o
      1936        128          0          0          0        672   btod.o
        18          0          0          0          0         80   exit.o
         6          0          0          0          0        152   heapauxi.o
        44         10        272          0          0         76   lc_ctype_c.o
        44         10         28          0          0         76   lc_numeric_c.o
         2          0          0          0          0          0   libinit.o
        30          0          0          0          0          0   libinit2.o
         2          0          0          0          0          0   libshutdown.o
         2          0          0          0          0          0   libshutdown2.o
         8          4          0          0         96         68   libspace.o
       138          0          0          0          0         80   lludiv10.o
        88          0          0          0          0         76   memcmp.o
        16          4          0          0          0         76   rt_ctype_table.o
         8          4          0          0          0         68   rt_locale_intlibspace.o
        68          0          0          0          0         68   rt_memclr.o
        78          0          0          0          0         80   rt_memclr_w.o
       138          0          0          0          0         68   rt_memcpy_v6.o
       100          0          0          0          0         80   rt_memcpy_w.o
         2          0          0          0          0          0   rtexit.o
        10          0          0          0          0          0   rtexit2.o
       128          0          0          0          0         68   strcmpv7m.o
        62          0          0          0          0         76   strlen.o
        36          0          0          0          0         80   strstr.o
        74          0          0          0          0         80   sys_stackheap_outer.o
         2          0          0          0          0         68   use_no_semi.o
         2          0          0          0          0         68   use_no_semi_2.o
        36          4          0          0          0         76   vsprintf.o
        98          4          0          0          0         92   d2f.o
       688        140          0          0          0        208   ddiv.o
        90          4          0          0          0         92   dfixu.o
        38          0          0          0          0         68   dflt_clz.o
       340         12          0          0          0        104   dmul.o
       156          4          0          0          0         92   dnaninf.o
        12          0          0          0          0         68   dretinf.o
        86          4          0          0          0         84   f2d.o
        54          4          0          0          0         84   ffix.o
        48          0          0          0          0         68   fflt_clz.o
       258          4          0          0          0         84   fmul.o
       140          4          0          0          0         84   fnaninf.o
        10          0          0          0          0         68   fretinf.o
         4          0          0          0          0         68   printf1.o
         4          0          0          0          0         68   printf2.o
         0          0          0          0          0          0   usenofp.o
        40          0          0          0          0         68   fpclassify.o

    ----------------------------------------------------------------------
      9378        448        556          0        100       5904   Library Totals
        18          0          5          0          4          0   (incl. Padding)

    ----------------------------------------------------------------------

      Code (inc. data)   RO Data    RW Data    ZI Data      Debug   Library Name

      7294        268        551          0         96       4504   c_w.l
      2026        180          0          0          0       1332   fz_ws.l
        40          0          0          0          0         68   m_ws.l

    ----------------------------------------------------------------------
      9378        448        556          0        100       5904   Library Totals

    ----------------------------------------------------------------------

==============================================================================


      Code (inc. data)   RO Data    RW Data    ZI Data      Debug   

     49136       5316       7080        244      14260     383837   Grand Totals
     49136       5316       7080        244      14260     383837   ELF Image Totals
     49136       5316       7080        244          0          0   ROM Totals

==============================================================================

    Total RO  Size (Code + RO Data)                56216 (  54.90kB)
    Total RW  Size (RW Data + ZI Data)             14504 (  14.16kB)
    Total ROM Size (Code + RO Data + RW Data)      56460 (  55.14kB)

==============================================================================

